Archive member included to satisfy reference by file (symbol)

/Users/jmcnelly/ti/simplelink_cc13xx_cc26xx_sdk_8_30_01_01/kernel/nortos/lib/gcc/m4f/nortos_cc13x2.a(NoRTOS.c.obj)
                              ./main_nortos.o (NoRTOS_start)
/Users/jmcnelly/ti/simplelink_cc13xx_cc26xx_sdk_8_30_01_01/kernel/nortos/lib/gcc/m4f/nortos_cc13x2.a(SemaphoreP_nortos.c.obj)
                              /Users/jmcnelly/ti/simplelink_cc13xx_cc26xx_sdk_8_30_01_01/kernel/nortos/lib/gcc/m4f/nortos_cc13x2.a(NoRTOS.c.obj) (SemaphoreP_defaultParams)
/Users/jmcnelly/ti/simplelink_cc13xx_cc26xx_sdk_8_30_01_01/kernel/nortos/lib/gcc/m4f/nortos_cc13x2.a(ClockPTimer_nortos.c.obj)
                              /Users/jmcnelly/ti/simplelink_cc13xx_cc26xx_sdk_8_30_01_01/kernel/nortos/lib/gcc/m4f/nortos_cc13x2.a(NoRTOS.c.obj) (ClockP_tickPeriod)
/Users/jmcnelly/ti/simplelink_cc13xx_cc26xx_sdk_8_30_01_01/kernel/nortos/lib/gcc/m4f/nortos_cc13x2.a(QueueP_nortos.c.obj)
                              /Users/jmcnelly/ti/simplelink_cc13xx_cc26xx_sdk_8_30_01_01/kernel/nortos/lib/gcc/m4f/nortos_cc13x2.a(ClockPTimer_nortos.c.obj) (QueueP_init)
/Users/jmcnelly/ti/simplelink_cc13xx_cc26xx_sdk_8_30_01_01/kernel/nortos/lib/gcc/m4f/nortos_cc13x2.a(HwiPCC26XX_nortos.c.obj)
                              /Users/jmcnelly/ti/simplelink_cc13xx_cc26xx_sdk_8_30_01_01/kernel/nortos/lib/gcc/m4f/nortos_cc13x2.a(NoRTOS.c.obj) (HwiP_enable)
/Users/jmcnelly/ti/simplelink_cc13xx_cc26xx_sdk_8_30_01_01/kernel/nortos/lib/gcc/m4f/nortos_cc13x2.a(PowerCC26X2_nortos.c.obj)
                              ./syscfg/ti_drivers_config.o (PowerCC26XX_standbyPolicy)
/Users/jmcnelly/ti/simplelink_cc13xx_cc26xx_sdk_8_30_01_01/kernel/nortos/lib/gcc/m4f/nortos_cc13x2.a(TimerPCC26XX_nortos.c.obj)
                              /Users/jmcnelly/ti/simplelink_cc13xx_cc26xx_sdk_8_30_01_01/kernel/nortos/lib/gcc/m4f/nortos_cc13x2.a(ClockPTimer_nortos.c.obj) (TimerP_Params_init)
/Users/jmcnelly/ti/simplelink_cc13xx_cc26xx_sdk_8_30_01_01/kernel/nortos/lib/gcc/m4f/nortos_cc13x2.a(startup_cc13x2_cc26x2_gcc.c.obj)
                              (resetISR)
/Users/jmcnelly/ti/simplelink_cc13xx_cc26xx_sdk_8_30_01_01/kernel/nortos/lib/gcc/m4f/nortos_cc13x2.a(SwiP_nortos.c.obj)
                              /Users/jmcnelly/ti/simplelink_cc13xx_cc26xx_sdk_8_30_01_01/kernel/nortos/lib/gcc/m4f/nortos_cc13x2.a(ClockPTimer_nortos.c.obj) (SwiP_Params_init)
/Users/jmcnelly/ti/simplelink_cc13xx_cc26xx_sdk_8_30_01_01/source/ti/drivers/rf/lib/gcc/m4f/rf_multiMode_cc13x2.a(RFCC26X2_multiMode.c.cc13x2.gcc.o)
                              ./rfPacketRx.o (RF_postCmd)
/Users/jmcnelly/ti/simplelink_cc13xx_cc26xx_sdk_8_30_01_01/source/ti/drivers/rf/lib/gcc/m4f/rf_multiMode_cc13x2.a(rfc.c.cc13x2.gcc.o)
                              /Users/jmcnelly/ti/simplelink_cc13xx_cc26xx_sdk_8_30_01_01/source/ti/drivers/rf/lib/gcc/m4f/rf_multiMode_cc13x2.a(RFCC26X2_multiMode.c.cc13x2.gcc.o) (NOROM_RFCCpeIntGetAndClear)
/Users/jmcnelly/ti/simplelink_cc13xx_cc26xx_sdk_8_30_01_01/source/ti/drivers/rf/lib/gcc/m4f/rf_multiMode_cc13x2.a(rf_patch_cpe_prop.c.cc13x2.gcc.o)
                              ./syscfg/ti_radio_config.o (rf_patch_cpe_prop)
/Users/jmcnelly/ti/simplelink_cc13xx_cc26xx_sdk_8_30_01_01/source/ti/drivers/lib/gcc/m4f/drivers_cc13x2.a(List.c.obj)
                              /Users/jmcnelly/ti/simplelink_cc13xx_cc26xx_sdk_8_30_01_01/source/ti/drivers/rf/lib/gcc/m4f/rf_multiMode_cc13x2.a(RFCC26X2_multiMode.c.cc13x2.gcc.o) (List_clearList)
/Users/jmcnelly/ti/simplelink_cc13xx_cc26xx_sdk_8_30_01_01/source/ti/drivers/lib/gcc/m4f/drivers_cc13x2.a(GPIO.c.obj)
                              ./syscfg/ti_drivers_config.o (GPIO_resetConfig)
/Users/jmcnelly/ti/simplelink_cc13xx_cc26xx_sdk_8_30_01_01/source/ti/drivers/lib/gcc/m4f/drivers_cc13x2.a(GPIOCC26XX.c.obj)
                              /Users/jmcnelly/ti/simplelink_cc13xx_cc26xx_sdk_8_30_01_01/source/ti/drivers/lib/gcc/m4f/drivers_cc13x2.a(GPIO.c.obj) (GPIO_disableInt)
/Users/jmcnelly/ti/simplelink_cc13xx_cc26xx_sdk_8_30_01_01/source/ti/drivers/lib/gcc/m4f/drivers_cc13x2.a(PowerCC26X2.c.obj)
                              /Users/jmcnelly/ti/simplelink_cc13xx_cc26xx_sdk_8_30_01_01/kernel/nortos/lib/gcc/m4f/nortos_cc13x2.a(PowerCC26X2_nortos.c.obj) (PowerCC26X2_module)
/Users/jmcnelly/ti/simplelink_cc13xx_cc26xx_sdk_8_30_01_01/source/ti/drivers/lib/gcc/m4f/drivers_cc13x2.a(PowerCC26X2_calibrateRCOSC.c.obj)
                              /Users/jmcnelly/ti/simplelink_cc13xx_cc26xx_sdk_8_30_01_01/source/ti/drivers/lib/gcc/m4f/drivers_cc13x2.a(PowerCC26X2.c.obj) (PowerCC26X2_initiateCalibration)
/Users/jmcnelly/ti/simplelink_cc13xx_cc26xx_sdk_8_30_01_01/source/ti/drivers/lib/gcc/m4f/drivers_cc13x2.a(TemperatureCC26X2.c.obj)
                              /Users/jmcnelly/ti/simplelink_cc13xx_cc26xx_sdk_8_30_01_01/source/ti/drivers/rf/lib/gcc/m4f/rf_multiMode_cc13x2.a(RFCC26X2_multiMode.c.cc13x2.gcc.o) (Temperature_init)
[...]
Memory Configuration

Name             Origin             Length             Attributes
FLASH            0x00000000         0x00057fa8         xr
FLASH_CCFG       0x00057fa8         0x00000058         r
SRAM             0x20000000         0x00014000         xrw
GPRAM            0x11000000         0x00002000         xrw
LOG_DATA         0x90000000         0x00040000         r
LOG_PTR          0x94000008         0x00040000         r
*default*        0x00000000         0xffffffff

Linker script and memory map

LOAD ./RFQueue.o
LOAD ./main_nortos.o
LOAD ./rfPacketRx.o
LOAD ./syscfg/ti_devices_config.o
LOAD ./syscfg/ti_radio_config.o
LOAD ./syscfg/ti_drivers_config.o
                0x00000400                        STACKSIZE = 0x400
                0x00004000                        HEAPSIZE = 0x4000
                0x00000000                        PROVIDE (_resetVecs_base_address = DEFINED (_resetVecs_base_address)?_resetVecs_base_address:0x0)

.resetVecs      0x00000000       0x40
 *(.resetVecs)
 .resetVecs     0x00000000       0x40 /Users/jmcnelly/ti/simplelink_cc13xx_cc26xx_sdk_8_30_01_01/kernel/nortos/lib/gcc/m4f/nortos_cc13x2.a(startup_cc13x2_cc26x2_gcc.c.obj)

.ramVecs        0x20000000       0xd8
 *(.ramVecs)
 .ramVecs       0x20000000       0xd8 /Users/jmcnelly/ti/simplelink_cc13xx_cc26xx_sdk_8_30_01_01/source/ti/devices/cc13x2_cc26x2/driverlib/bin/gcc/driverlib.lib(interrupt.c.obj)
                0x20001800                        UDMACC26XX_CONFIG_BASE = 0x20001800
                0x20001810                        DMA_UART0_RX_CONTROL_TABLE_ENTRY_ADDRESS = (UDMACC26XX_CONFIG_BASE + 0x10)
                0x20001820                        DMA_UART0_TX_CONTROL_TABLE_ENTRY_ADDRESS = (UDMACC26XX_CONFIG_BASE + 0x20)
                0x20001830                        DMA_SPI0_RX_CONTROL_TABLE_ENTRY_ADDRESS = (UDMACC26XX_CONFIG_BASE + 0x30)
                0x20001840                        DMA_SPI0_TX_CONTROL_TABLE_ENTRY_ADDRESS = (UDMACC26XX_CONFIG_BASE + 0x40)
                0x20001850                        DMA_UART1_RX_CONTROL_TABLE_ENTRY_ADDRESS = (UDMACC26XX_CONFIG_BASE + 0x50)
                0x20001860                        DMA_UART1_TX_CONTROL_TABLE_ENTRY_ADDRESS = (UDMACC26XX_CONFIG_BASE + 0x60)
                0x20001870                        DMA_ADC_PRI_CONTROL_TABLE_ENTRY_ADDRESS = (UDMACC26XX_CONFIG_BASE + 0x70)
                0x20001890                        DMA_GPT0A_PRI_CONTROL_TABLE_ENTRY_ADDRESS = (UDMACC26XX_CONFIG_BASE + 0x90)
                0x20001900                        DMA_SPI1_RX_CONTROL_TABLE_ENTRY_ADDRESS = (UDMACC26XX_CONFIG_BASE + 0x100)
                0x20001910                        DMA_SPI1_TX_CONTROL_TABLE_ENTRY_ADDRESS = (UDMACC26XX_CONFIG_BASE + 0x110)
                0x20001a10                        DMA_UART0_RX_ALT_CONTROL_TABLE_ENTRY_ADDRESS = (UDMACC26XX_CONFIG_BASE + 0x210)
                0x20001a20                        DMA_UART0_TX_ALT_CONTROL_TABLE_ENTRY_ADDRESS = (UDMACC26XX_CONFIG_BASE + 0x220)
                0x20001a30                        DMA_SPI0_RX_ALT_CONTROL_TABLE_ENTRY_ADDRESS = (UDMACC26XX_CONFIG_BASE + 0x230)
                0x20001a40                        DMA_SPI0_TX_ALT_CONTROL_TABLE_ENTRY_ADDRESS = (UDMACC26XX_CONFIG_BASE + 0x240)
                0x20001a50                        DMA_UART1_RX_ALT_CONTROL_TABLE_ENTRY_ADDRESS = (UDMACC26XX_CONFIG_BASE + 0x250)
                0x20001a60                        DMA_UART1_TX_ALT_CONTROL_TABLE_ENTRY_ADDRESS = (UDMACC26XX_CONFIG_BASE + 0x260)
                0x20001a70                        DMA_ADC_ALT_CONTROL_TABLE_ENTRY_ADDRESS = (UDMACC26XX_CONFIG_BASE + 0x270)
                0x20001a90                        DMA_GPT0A_ALT_CONTROL_TABLE_ENTRY_ADDRESS = (UDMACC26XX_CONFIG_BASE + 0x290)
                0x20001b00                        DMA_SPI1_RX_ALT_CONTROL_TABLE_ENTRY_ADDRESS = (UDMACC26XX_CONFIG_BASE + 0x300)
                0x20001b10                        DMA_SPI1_TX_ALT_CONTROL_TABLE_ENTRY_ADDRESS = (UDMACC26XX_CONFIG_BASE + 0x310)
                0x00000000                        UDMACC26XX_uart0RxControlTableEntry_is_placed = 0x0

.dmaUart0RxControlTableEntry
 *(.dmaUart0RxControlTableEntry)
                0x00000000                        UDMACC26XX_uart0TxControlTableEntry_is_placed = 0x0

.dmaUart0TxControlTableEntry
 *(.dmaUart0TxControlTableEntry)
                0x00000000                        UDMACC26XX_dmaSpi0RxControlTableEntry_is_placed = 0x0

.dmaSpi0RxControlTableEntry
 *(.dmaSpi0RxControlTableEntry)
                0x00000000                        UDMACC26XX_dmaSpi0TxControlTableEntry_is_placed = 0x0

.dmaSpi0TxControlTableEntry
 *(.dmaSpi0TxControlTableEntry)
                0x00000000                        UDMACC26XX_uart1RxControlTableEntry_is_placed = 0x0

.dmaUart1RxControlTableEntry
 *(.dmaUart1RxControlTableEntry)
                0x00000000                        UDMACC26XX_uart1TxControlTableEntry_is_placed = 0x0

.dmaUart1TxControlTableEntry
 *(.dmaUart1TxControlTableEntry)
                0x00000000                        UDMACC26XX_dmaADCPriControlTableEntry_is_placed = 0x0

.dmaADCPriControlTableEntry
 *(.dmaADCPriControlTableEntry)
                0x00000000                        UDMACC26XX_dmaGPT0APriControlTableEntry_is_placed = 0x0

.dmaGPT0APriControlTableEntry
 *(.dmaGPT0APriControlTableEntry)
                0x00000000                        UDMACC26XX_dmaSpi1RxControlTableEntry_is_placed = 0x0

.dmaSpi1RxControlTableEntry
 *(.dmaSpi1RxControlTableEntry)
                0x00000000                        UDMACC26XX_dmaSpi1TxControlTableEntry_is_placed = 0x0

.dmaSpi1TxControlTableEntry
 *(.dmaSpi1TxControlTableEntry)
                0x00000000                        UDMACC26XX_uart0RxAltControlTableEntry_is_placed = 0x0

.dmaUart0RxAltControlTableEntry
 *(.dmaUart0RxAltControlTableEntry)
                0x00000000                        UDMACC26XX_uart0TxAltControlTableEntry_is_placed = 0x0

.dmaUart0TxAltControlTableEntry
 *(.dmaUart0TxAltControlTableEntry)
                0x00000000                        UDMACC26XX_dmaSpi0RxAltControlTableEntry_is_placed = 0x0

.dmaSpi0RxAltControlTableEntry
 *(.dmaSpi0RxAltControlTableEntry)
                0x00000000                        UDMACC26XX_dmaSpi0TxAltControlTableEntry_is_placed = 0x0

.dmaSpi0TxAltControlTableEntry
 *(.dmaSpi0TxAltControlTableEntry)
                0x00000000                        UDMACC26XX_uart1RxAltControlTableEntry_is_placed = 0x0

.dmaUart1RxAltControlTableEntry
 *(.dmaUart1RxAltControlTableEntry)
                0x00000000                        UDMACC26XX_uart1TxAltControlTableEntry_is_placed = 0x0

.dmaUart1TxAltControlTableEntry
 *(.dmaUart1TxAltControlTableEntry)
                0x00000000                        UDMACC26XX_dmaADCAltControlTableEntry_is_placed = 0x0

.dmaADCAltControlTableEntry
 *(.dmaADCAltControlTableEntry)
                0x00000000                        UDMACC26XX_dmaGPT0AAltControlTableEntry_is_placed = 0x0

.dmaGPT0AAltControlTableEntry
 *(.dmaGPT0AAltControlTableEntry)
                0x00000000                        UDMACC26XX_dmaSpi1RxAltControlTableEntry_is_placed = 0x0

.dmaSpi1RxAltControlTableEntry
 *(.dmaSpi1RxAltControlTableEntry)
                0x00000000                        UDMACC26XX_dmaSpi1TxAltControlTableEntry_is_placed = 0x0

.dmaSpi1TxAltControlTableEntry
 *(.dmaSpi1TxAltControlTableEntry)

.text           0x00000040     0x527c
 CREATE_OBJECT_SYMBOLS
 *(.text)
 .text          0x00000040       0x30 /Applications/ArmGNUToolchain/14.2.rel1/arm-none-eabi/bin/../lib/gcc/arm-none-eabi/14.2.1/thumb/v7e-m+fp/hard/libgcc.a(_aeabi_uldivmod.o)
                0x00000040                __aeabi_uldivmod
 .text          0x00000070        0x4 /Applications/ArmGNUToolchain/14.2.rel1/arm-none-eabi/bin/../lib/gcc/arm-none-eabi/14.2.1/thumb/v7e-m+fp/hard/libgcc.a(_dvmd_tls.o)
                0x00000070                __aeabi_ldiv0
                0x00000070                __aeabi_idiv0
 *(.text.*)
 .text.RFQueue_getDataEntry
                0x00000074       0x18 ./RFQueue.o
                0x00000074                RFQueue_getDataEntry
 .text.RFQueue_nextEntry
                0x0000008c       0x2c ./RFQueue.o
                0x0000008c                RFQueue_nextEntry
 .text.RFQueue_defineQueue
                0x000000b8       0xe8 ./RFQueue.o
                0x000000b8                RFQueue_defineQueue
 .text.main     0x000001a0       0x1a ./main_nortos.o
                0x000001a0                main
 *fill*         0x000001ba        0x2 
 .text.mainThread
                0x000001bc      0x20c ./rfPacketRx.o
                0x000001bc                mainThread
 .text.callback
                0x000003c8       0x74 ./rfPacketRx.o
 .text.Board_sendExtFlashByte
                0x0000043c       0x72 ./syscfg/ti_drivers_config.o
                0x0000043c                Board_sendExtFlashByte
 *fill*         0x000004ae        0x2 
 .text.Board_wakeUpExtFlash
                0x000004b0       0x34 ./syscfg/ti_drivers_config.o
                0x000004b0                Board_wakeUpExtFlash
 .text.Board_shutDownExtFlash
                0x000004e4       0x64 ./syscfg/ti_drivers_config.o
                0x000004e4                Board_shutDownExtFlash
 .text.Board_initHook
                0x00000548        0xe ./syscfg/ti_drivers_config.o
                0x00000548                Board_initHook
 .text.Board_init
                0x00000556       0x18 ./syscfg/ti_drivers_config.o
                0x00000556                Board_init
 *fill*         0x0000056e        0x2 
 .text.NoRTOS_start
                0x00000570        0x4 /Users/jmcnelly/ti/simplelink_cc13xx_cc26xx_sdk_8_30_01_01/kernel/nortos/lib/gcc/m4f/nortos_cc13x2.a(NoRTOS.c.obj)
                0x00000570                NoRTOS_start
 .text.clkFxn   0x00000574        0x4 /Users/jmcnelly/ti/simplelink_cc13xx_cc26xx_sdk_8_30_01_01/kernel/nortos/lib/gcc/m4f/nortos_cc13x2.a(SemaphoreP_nortos.c.obj)
                0x00000574                clkFxn
 .text.SemaphoreP_constructBinary
                0x00000578       0x3c /Users/jmcnelly/ti/simplelink_cc13xx_cc26xx_sdk_8_30_01_01/kernel/nortos/lib/gcc/m4f/nortos_cc13x2.a(SemaphoreP_nortos.c.obj)
                0x00000578                SemaphoreP_constructBinary
 .text.SemaphoreP_pend
                0x000005b4      0x100 /Users/jmcnelly/ti/simplelink_cc13xx_cc26xx_sdk_8_30_01_01/kernel/nortos/lib/gcc/m4f/nortos_cc13x2.a(SemaphoreP_nortos.c.obj)
                0x000005b4                SemaphoreP_pend
 .text.SemaphoreP_post
                0x000006b4       0x44 /Users/jmcnelly/ti/simplelink_cc13xx_cc26xx_sdk_8_30_01_01/kernel/nortos/lib/gcc/m4f/nortos_cc13x2.a(SemaphoreP_nortos.c.obj)
                0x000006b4                SemaphoreP_post
 .text.ClockP_doTick
                0x000006f8        0xc /Users/jmcnelly/ti/simplelink_cc13xx_cc26xx_sdk_8_30_01_01/kernel/nortos/lib/gcc/m4f/nortos_cc13x2.a(ClockPTimer_nortos.c.obj)
                0x000006f8                ClockP_doTick
 .text.ClockP_startup.part.0
                0x00000704       0x84 /Users/jmcnelly/ti/simplelink_cc13xx_cc26xx_sdk_8_30_01_01/kernel/nortos/lib/gcc/m4f/nortos_cc13x2.a(ClockPTimer_nortos.c.obj)
 .text.ClockP_workFuncDynamic
                0x00000788      0x154 /Users/jmcnelly/ti/simplelink_cc13xx_cc26xx_sdk_8_30_01_01/kernel/nortos/lib/gcc/m4f/nortos_cc13x2.a(ClockPTimer_nortos.c.obj)
                0x00000788                ClockP_workFuncDynamic
 .text.ClockP_Params_init
                0x000008dc       0x10 /Users/jmcnelly/ti/simplelink_cc13xx_cc26xx_sdk_8_30_01_01/kernel/nortos/lib/gcc/m4f/nortos_cc13x2.a(ClockPTimer_nortos.c.obj)
                0x000008dc                ClockP_Params_init
 .text.ClockP_startup
                0x000008ec       0x10 /Users/jmcnelly/ti/simplelink_cc13xx_cc26xx_sdk_8_30_01_01/kernel/nortos/lib/gcc/m4f/nortos_cc13x2.a(ClockPTimer_nortos.c.obj)
                0x000008ec                ClockP_startup
 .text.ClockP_getTicksUntilInterrupt
                0x000008fc       0x30 /Users/jmcnelly/ti/simplelink_cc13xx_cc26xx_sdk_8_30_01_01/kernel/nortos/lib/gcc/m4f/nortos_cc13x2.a(ClockPTimer_nortos.c.obj)
                0x000008fc                ClockP_getTicksUntilInterrupt
 .text.ClockP_add
                0x0000092c       0x24 /Users/jmcnelly/ti/simplelink_cc13xx_cc26xx_sdk_8_30_01_01/kernel/nortos/lib/gcc/m4f/nortos_cc13x2.a(ClockPTimer_nortos.c.obj)
                0x0000092c                ClockP_add
 .text.ClockP_destruct
                0x00000950       0x1c /Users/jmcnelly/ti/simplelink_cc13xx_cc26xx_sdk_8_30_01_01/kernel/nortos/lib/gcc/m4f/nortos_cc13x2.a(ClockPTimer_nortos.c.obj)
                0x00000950                ClockP_destruct
 .text.ClockP_start
                0x0000096c       0x98 /Users/jmcnelly/ti/simplelink_cc13xx_cc26xx_sdk_8_30_01_01/kernel/nortos/lib/gcc/m4f/nortos_cc13x2.a(ClockPTimer_nortos.c.obj)
                0x0000096c                ClockP_start
 .text.ClockP_construct
                0x00000a04       0x58 /Users/jmcnelly/ti/simplelink_cc13xx_cc26xx_sdk_8_30_01_01/kernel/nortos/lib/gcc/m4f/nortos_cc13x2.a(ClockPTimer_nortos.c.obj)
                0x00000a04                ClockP_construct
 .text.ClockP_stop
                0x00000a5c        0x8 /Users/jmcnelly/ti/simplelink_cc13xx_cc26xx_sdk_8_30_01_01/kernel/nortos/lib/gcc/m4f/nortos_cc13x2.a(ClockPTimer_nortos.c.obj)
                0x00000a5c                ClockP_stop
 .text.ClockP_setTimeout
                0x00000a64        0x4 /Users/jmcnelly/ti/simplelink_cc13xx_cc26xx_sdk_8_30_01_01/kernel/nortos/lib/gcc/m4f/nortos_cc13x2.a(ClockPTimer_nortos.c.obj)
                0x00000a64                ClockP_setTimeout
 .text.ClockP_getTimeout
                0x00000a68       0x30 /Users/jmcnelly/ti/simplelink_cc13xx_cc26xx_sdk_8_30_01_01/kernel/nortos/lib/gcc/m4f/nortos_cc13x2.a(ClockPTimer_nortos.c.obj)
                0x00000a68                ClockP_getTimeout
 .text.ClockP_isActive
                0x00000a98        0x4 /Users/jmcnelly/ti/simplelink_cc13xx_cc26xx_sdk_8_30_01_01/kernel/nortos/lib/gcc/m4f/nortos_cc13x2.a(ClockPTimer_nortos.c.obj)
                0x00000a98                ClockP_isActive
 .text.ClockP_getSystemTickPeriod
                0x00000a9c        0xc /Users/jmcnelly/ti/simplelink_cc13xx_cc26xx_sdk_8_30_01_01/kernel/nortos/lib/gcc/m4f/nortos_cc13x2.a(ClockPTimer_nortos.c.obj)
                0x00000a9c                ClockP_getSystemTickPeriod
 .text.QueueP_init
                0x00000aa8        0x8 /Users/jmcnelly/ti/simplelink_cc13xx_cc26xx_sdk_8_30_01_01/kernel/nortos/lib/gcc/m4f/nortos_cc13x2.a(QueueP_nortos.c.obj)
                0x00000aa8                QueueP_init
 .text.QueueP_empty
                0x00000ab0        0xc /Users/jmcnelly/ti/simplelink_cc13xx_cc26xx_sdk_8_30_01_01/kernel/nortos/lib/gcc/m4f/nortos_cc13x2.a(QueueP_nortos.c.obj)
                0x00000ab0                QueueP_empty
 .text.QueueP_get
                0x00000abc       0x1c /Users/jmcnelly/ti/simplelink_cc13xx_cc26xx_sdk_8_30_01_01/kernel/nortos/lib/gcc/m4f/nortos_cc13x2.a(QueueP_nortos.c.obj)
                0x00000abc                QueueP_get
 .text.QueueP_head
                0x00000ad8        0x4 /Users/jmcnelly/ti/simplelink_cc13xx_cc26xx_sdk_8_30_01_01/kernel/nortos/lib/gcc/m4f/nortos_cc13x2.a(QueueP_nortos.c.obj)
                0x00000ad8                QueueP_head
 .text.QueueP_next
                0x00000adc        0x4 /Users/jmcnelly/ti/simplelink_cc13xx_cc26xx_sdk_8_30_01_01/kernel/nortos/lib/gcc/m4f/nortos_cc13x2.a(QueueP_nortos.c.obj)
                0x00000adc                QueueP_next
 .text.QueueP_put
                0x00000ae0       0x20 /Users/jmcnelly/ti/simplelink_cc13xx_cc26xx_sdk_8_30_01_01/kernel/nortos/lib/gcc/m4f/nortos_cc13x2.a(QueueP_nortos.c.obj)
                0x00000ae0                QueueP_put
 .text.QueueP_remove
                0x00000b00       0x10 /Users/jmcnelly/ti/simplelink_cc13xx_cc26xx_sdk_8_30_01_01/kernel/nortos/lib/gcc/m4f/nortos_cc13x2.a(QueueP_nortos.c.obj)
                0x00000b00                QueueP_remove
 .text.HwiP_dispatch
                0x00000b10       0x1c /Users/jmcnelly/ti/simplelink_cc13xx_cc26xx_sdk_8_30_01_01/kernel/nortos/lib/gcc/m4f/nortos_cc13x2.a(HwiPCC26XX_nortos.c.obj)
 .text.HwiP_enable
                0x00000b2c        0x4 /Users/jmcnelly/ti/simplelink_cc13xx_cc26xx_sdk_8_30_01_01/kernel/nortos/lib/gcc/m4f/nortos_cc13x2.a(HwiPCC26XX_nortos.c.obj)
                0x00000b2c                HwiP_enable
 .text.HwiP_disable
                0x00000b30       0x10 /Users/jmcnelly/ti/simplelink_cc13xx_cc26xx_sdk_8_30_01_01/kernel/nortos/lib/gcc/m4f/nortos_cc13x2.a(HwiPCC26XX_nortos.c.obj)
                0x00000b30                HwiP_disable
 .text.HwiP_restore
                0x00000b40        0x8 /Users/jmcnelly/ti/simplelink_cc13xx_cc26xx_sdk_8_30_01_01/kernel/nortos/lib/gcc/m4f/nortos_cc13x2.a(HwiPCC26XX_nortos.c.obj)
                0x00000b40                HwiP_restore
 .text.HwiP_enableInterrupt
                0x00000b48        0xc /Users/jmcnelly/ti/simplelink_cc13xx_cc26xx_sdk_8_30_01_01/kernel/nortos/lib/gcc/m4f/nortos_cc13x2.a(HwiPCC26XX_nortos.c.obj)
                0x00000b48                HwiP_enableInterrupt
 .text.HwiP_construct
                0x00000b54       0x88 /Users/jmcnelly/ti/simplelink_cc13xx_cc26xx_sdk_8_30_01_01/kernel/nortos/lib/gcc/m4f/nortos_cc13x2.a(HwiPCC26XX_nortos.c.obj)
                0x00000b54                HwiP_construct
 .text.HwiP_Params_init
                0x00000bdc       0x14 /Users/jmcnelly/ti/simplelink_cc13xx_cc26xx_sdk_8_30_01_01/kernel/nortos/lib/gcc/m4f/nortos_cc13x2.a(HwiPCC26XX_nortos.c.obj)
                0x00000bdc                HwiP_Params_init
 .text.HwiP_setFunc
                0x00000bf0       0x1c /Users/jmcnelly/ti/simplelink_cc13xx_cc26xx_sdk_8_30_01_01/kernel/nortos/lib/gcc/m4f/nortos_cc13x2.a(HwiPCC26XX_nortos.c.obj)
                0x00000bf0                HwiP_setFunc
 .text.HwiP_post
                0x00000c0c        0xc /Users/jmcnelly/ti/simplelink_cc13xx_cc26xx_sdk_8_30_01_01/kernel/nortos/lib/gcc/m4f/nortos_cc13x2.a(HwiPCC26XX_nortos.c.obj)
                0x00000c0c                HwiP_post
 .text.HwiP_inISR
                0x00000c18       0x14 /Users/jmcnelly/ti/simplelink_cc13xx_cc26xx_sdk_8_30_01_01/kernel/nortos/lib/gcc/m4f/nortos_cc13x2.a(HwiPCC26XX_nortos.c.obj)
                0x00000c18                HwiP_inISR
 .text.PowerCC26XX_standbyPolicy
                0x00000c2c       0xf0 /Users/jmcnelly/ti/simplelink_cc13xx_cc26xx_sdk_8_30_01_01/kernel/nortos/lib/gcc/m4f/nortos_cc13x2.a(PowerCC26X2_nortos.c.obj)
                0x00000c2c                PowerCC26XX_standbyPolicy
 .text.PowerCC26XX_schedulerDisable
                0x00000d1c       0x10 /Users/jmcnelly/ti/simplelink_cc13xx_cc26xx_sdk_8_30_01_01/kernel/nortos/lib/gcc/m4f/nortos_cc13x2.a(PowerCC26X2_nortos.c.obj)
                0x00000d1c                PowerCC26XX_schedulerDisable
 .text.PowerCC26XX_schedulerRestore
                0x00000d2c        0xc /Users/jmcnelly/ti/simplelink_cc13xx_cc26xx_sdk_8_30_01_01/kernel/nortos/lib/gcc/m4f/nortos_cc13x2.a(PowerCC26X2_nortos.c.obj)
                0x00000d2c                PowerCC26XX_schedulerRestore
 .text.TimerP_dynamicStub
                0x00000d38       0x20 /Users/jmcnelly/ti/simplelink_cc13xx_cc26xx_sdk_8_30_01_01/kernel/nortos/lib/gcc/m4f/nortos_cc13x2.a(TimerPCC26XX_nortos.c.obj)
                0x00000d38                TimerP_dynamicStub
 .text.TimerP_Params_init
                0x00000d58       0x10 /Users/jmcnelly/ti/simplelink_cc13xx_cc26xx_sdk_8_30_01_01/kernel/nortos/lib/gcc/m4f/nortos_cc13x2.a(TimerPCC26XX_nortos.c.obj)
                0x00000d58                TimerP_Params_init
 .text.TimerP_construct
                0x00000d68       0xf8 /Users/jmcnelly/ti/simplelink_cc13xx_cc26xx_sdk_8_30_01_01/kernel/nortos/lib/gcc/m4f/nortos_cc13x2.a(TimerPCC26XX_nortos.c.obj)
                0x00000d68                TimerP_construct
 .text.TimerP_getMaxTicks
                0x00000e60       0x1c /Users/jmcnelly/ti/simplelink_cc13xx_cc26xx_sdk_8_30_01_01/kernel/nortos/lib/gcc/m4f/nortos_cc13x2.a(TimerPCC26XX_nortos.c.obj)
                0x00000e60                TimerP_getMaxTicks
 .text.TimerP_setNextTick
                0x00000e7c       0x54 /Users/jmcnelly/ti/simplelink_cc13xx_cc26xx_sdk_8_30_01_01/kernel/nortos/lib/gcc/m4f/nortos_cc13x2.a(TimerPCC26XX_nortos.c.obj)
                0x00000e7c                TimerP_setNextTick
 .text.TimerP_getCurrentTick
                0x00000ed0       0x38 /Users/jmcnelly/ti/simplelink_cc13xx_cc26xx_sdk_8_30_01_01/kernel/nortos/lib/gcc/m4f/nortos_cc13x2.a(TimerPCC26XX_nortos.c.obj)
                0x00000ed0                TimerP_getCurrentTick
 .text.resetISR
                0x00000f08       0x10 /Users/jmcnelly/ti/simplelink_cc13xx_cc26xx_sdk_8_30_01_01/kernel/nortos/lib/gcc/m4f/nortos_cc13x2.a(startup_cc13x2_cc26x2_gcc.c.obj)
                0x00000f08                resetISR
 .text.nmiISR   0x00000f18        0x4 /Users/jmcnelly/ti/simplelink_cc13xx_cc26xx_sdk_8_30_01_01/kernel/nortos/lib/gcc/m4f/nortos_cc13x2.a(startup_cc13x2_cc26x2_gcc.c.obj)
 .text.faultISR
                0x00000f1c        0x4 /Users/jmcnelly/ti/simplelink_cc13xx_cc26xx_sdk_8_30_01_01/kernel/nortos/lib/gcc/m4f/nortos_cc13x2.a(startup_cc13x2_cc26x2_gcc.c.obj)
 .text.busFaultHandler
                0x00000f20        0x4 /Users/jmcnelly/ti/simplelink_cc13xx_cc26xx_sdk_8_30_01_01/kernel/nortos/lib/gcc/m4f/nortos_cc13x2.a(startup_cc13x2_cc26x2_gcc.c.obj)
 .text.defaultHandler
                0x00000f24        0x4 /Users/jmcnelly/ti/simplelink_cc13xx_cc26xx_sdk_8_30_01_01/kernel/nortos/lib/gcc/m4f/nortos_cc13x2.a(startup_cc13x2_cc26x2_gcc.c.obj)
 .text.localProgramStart
                0x00000f28       0x8c /Users/jmcnelly/ti/simplelink_cc13xx_cc26xx_sdk_8_30_01_01/kernel/nortos/lib/gcc/m4f/nortos_cc13x2.a(startup_cc13x2_cc26x2_gcc.c.obj)
                0x00000f28                localProgramStart
 .text._fini    0x00000fb4        0x4 /Users/jmcnelly/ti/simplelink_cc13xx_cc26xx_sdk_8_30_01_01/kernel/nortos/lib/gcc/m4f/nortos_cc13x2.a(startup_cc13x2_cc26x2_gcc.c.obj)
                0x00000fb4                _fini
 .text.SwiP_Params_init
                0x00000fb8       0x10 /Users/jmcnelly/ti/simplelink_cc13xx_cc26xx_sdk_8_30_01_01/kernel/nortos/lib/gcc/m4f/nortos_cc13x2.a(SwiP_nortos.c.obj)
                0x00000fb8                SwiP_Params_init
 .text.SwiP_construct
                0x00000fc8      0x114 /Users/jmcnelly/ti/simplelink_cc13xx_cc26xx_sdk_8_30_01_01/kernel/nortos/lib/gcc/m4f/nortos_cc13x2.a(SwiP_nortos.c.obj)
                0x00000fc8                SwiP_construct
 .text.SwiP_disable
                0x000010dc       0x1c /Users/jmcnelly/ti/simplelink_cc13xx_cc26xx_sdk_8_30_01_01/kernel/nortos/lib/gcc/m4f/nortos_cc13x2.a(SwiP_nortos.c.obj)
                0x000010dc                SwiP_disable
 .text.SwiP_dispatch
                0x000010f8       0xd4 /Users/jmcnelly/ti/simplelink_cc13xx_cc26xx_sdk_8_30_01_01/kernel/nortos/lib/gcc/m4f/nortos_cc13x2.a(SwiP_nortos.c.obj)
                0x000010f8                SwiP_dispatch
 .text.SwiP_handleHwi
                0x000011cc       0x18 /Users/jmcnelly/ti/simplelink_cc13xx_cc26xx_sdk_8_30_01_01/kernel/nortos/lib/gcc/m4f/nortos_cc13x2.a(SwiP_nortos.c.obj)
 .text.SwiP_getTrigger
                0x000011e4        0xc /Users/jmcnelly/ti/simplelink_cc13xx_cc26xx_sdk_8_30_01_01/kernel/nortos/lib/gcc/m4f/nortos_cc13x2.a(SwiP_nortos.c.obj)
                0x000011e4                SwiP_getTrigger
 .text.SwiP_or  0x000011f0       0x80 /Users/jmcnelly/ti/simplelink_cc13xx_cc26xx_sdk_8_30_01_01/kernel/nortos/lib/gcc/m4f/nortos_cc13x2.a(SwiP_nortos.c.obj)
                0x000011f0                SwiP_or
 .text.SwiP_post
                0x00001270       0x70 /Users/jmcnelly/ti/simplelink_cc13xx_cc26xx_sdk_8_30_01_01/kernel/nortos/lib/gcc/m4f/nortos_cc13x2.a(SwiP_nortos.c.obj)
                0x00001270                SwiP_post
 .text.SwiP_restore
                0x000012e0       0x48 /Users/jmcnelly/ti/simplelink_cc13xx_cc26xx_sdk_8_30_01_01/kernel/nortos/lib/gcc/m4f/nortos_cc13x2.a(SwiP_nortos.c.obj)
                0x000012e0                SwiP_restore
 .text.RF_cmdGet
                0x00001328       0x40 /Users/jmcnelly/ti/simplelink_cc13xx_cc26xx_sdk_8_30_01_01/source/ti/drivers/rf/lib/gcc/m4f/rf_multiMode_cc13x2.a(RFCC26X2_multiMode.c.cc13x2.gcc.o)
 .text.RF_dbellSyncOnAck
                0x00001368       0x14 /Users/jmcnelly/ti/simplelink_cc13xx_cc26xx_sdk_8_30_01_01/source/ti/drivers/rf/lib/gcc/m4f/rf_multiMode_cc13x2.a(RFCC26X2_multiMode.c.cc13x2.gcc.o)
 .text.RF_verifyGap
                0x0000137c       0xa8 /Users/jmcnelly/ti/simplelink_cc13xx_cc26xx_sdk_8_30_01_01/source/ti/drivers/rf/lib/gcc/m4f/rf_multiMode_cc13x2.a(RFCC26X2_multiMode.c.cc13x2.gcc.o)
 .text.RF_defaultExecutionPolicy
                0x00001424        0x4 /Users/jmcnelly/ti/simplelink_cc13xx_cc26xx_sdk_8_30_01_01/source/ti/drivers/rf/lib/gcc/m4f/rf_multiMode_cc13x2.a(RFCC26X2_multiMode.c.cc13x2.gcc.o)
                0x00001424                RF_defaultExecutionPolicy
 .text.RF_checkCmdFsError
                0x00001428       0x30 /Users/jmcnelly/ti/simplelink_cc13xx_cc26xx_sdk_8_30_01_01/source/ti/drivers/rf/lib/gcc/m4f/rf_multiMode_cc13x2.a(RFCC26X2_multiMode.c.cc13x2.gcc.o)
 .text.RF_invokeGlobalCallback
                0x00001458       0x20 /Users/jmcnelly/ti/simplelink_cc13xx_cc26xx_sdk_8_30_01_01/source/ti/drivers/rf/lib/gcc/m4f/rf_multiMode_cc13x2.a(RFCC26X2_multiMode.c.cc13x2.gcc.o)
 .text.RF_defaultCallback
                0x00001478        0x2 /Users/jmcnelly/ti/simplelink_cc13xx_cc26xx_sdk_8_30_01_01/source/ti/drivers/rf/lib/gcc/m4f/rf_multiMode_cc13x2.a(RFCC26X2_multiMode.c.cc13x2.gcc.o)
 *fill*         0x0000147a        0x2 
 .text.RF_isStateTransitionAllowed
                0x0000147c       0x24 /Users/jmcnelly/ti/simplelink_cc13xx_cc26xx_sdk_8_30_01_01/source/ti/drivers/rf/lib/gcc/m4f/rf_multiMode_cc13x2.a(RFCC26X2_multiMode.c.cc13x2.gcc.o)
 .text.RF_updatePowerupDuration
                0x000014a0       0x44 /Users/jmcnelly/ti/simplelink_cc13xx_cc26xx_sdk_8_30_01_01/source/ti/drivers/rf/lib/gcc/m4f/rf_multiMode_cc13x2.a(RFCC26X2_multiMode.c.cc13x2.gcc.o)
 .text.RF_attachOverrides
                0x000014e4       0x66 /Users/jmcnelly/ti/simplelink_cc13xx_cc26xx_sdk_8_30_01_01/source/ti/drivers/rf/lib/gcc/m4f/rf_multiMode_cc13x2.a(RFCC26X2_multiMode.c.cc13x2.gcc.o)
 .text.RF_detachOverrides
                0x0000154a       0x6a /Users/jmcnelly/ti/simplelink_cc13xx_cc26xx_sdk_8_30_01_01/source/ti/drivers/rf/lib/gcc/m4f/rf_multiMode_cc13x2.a(RFCC26X2_multiMode.c.cc13x2.gcc.o)
 .text.RF_cmdStoreEvents
                0x000015b4       0x2e /Users/jmcnelly/ti/simplelink_cc13xx_cc26xx_sdk_8_30_01_01/source/ti/drivers/rf/lib/gcc/m4f/rf_multiMode_cc13x2.a(RFCC26X2_multiMode.c.cc13x2.gcc.o)
 .text.RF_searchAndReplacePAOverride
                0x000015e2       0x32 /Users/jmcnelly/ti/simplelink_cc13xx_cc26xx_sdk_8_30_01_01/source/ti/drivers/rf/lib/gcc/m4f/rf_multiMode_cc13x2.a(RFCC26X2_multiMode.c.cc13x2.gcc.o)
 .text.RF_issueRadioFreeCb
                0x00001614       0x78 /Users/jmcnelly/ti/simplelink_cc13xx_cc26xx_sdk_8_30_01_01/source/ti/drivers/rf/lib/gcc/m4f/rf_multiMode_cc13x2.a(RFCC26X2_multiMode.c.cc13x2.gcc.o)
 .text.RF_clkReqAccess
                0x0000168c        0x6 /Users/jmcnelly/ti/simplelink_cc13xx_cc26xx_sdk_8_30_01_01/source/ti/drivers/rf/lib/gcc/m4f/rf_multiMode_cc13x2.a(RFCC26X2_multiMode.c.cc13x2.gcc.o)
 .text.RF_restartClockTimeout
                0x00001692       0x18 /Users/jmcnelly/ti/simplelink_cc13xx_cc26xx_sdk_8_30_01_01/source/ti/drivers/rf/lib/gcc/m4f/rf_multiMode_cc13x2.a(RFCC26X2_multiMode.c.cc13x2.gcc.o)
 .text.RF_syncCb
                0x000016aa       0x62 /Users/jmcnelly/ti/simplelink_cc13xx_cc26xx_sdk_8_30_01_01/source/ti/drivers/rf/lib/gcc/m4f/rf_multiMode_cc13x2.a(RFCC26X2_multiMode.c.cc13x2.gcc.o)
 .text.RF_applyRfCorePatch
                0x0000170c       0x74 /Users/jmcnelly/ti/simplelink_cc13xx_cc26xx_sdk_8_30_01_01/source/ti/drivers/rf/lib/gcc/m4f/rf_multiMode_cc13x2.a(RFCC26X2_multiMode.c.cc13x2.gcc.o)
 .text.RF_hwiHw
                0x00001780       0x6c /Users/jmcnelly/ti/simplelink_cc13xx_cc26xx_sdk_8_30_01_01/source/ti/drivers/rf/lib/gcc/m4f/rf_multiMode_cc13x2.a(RFCC26X2_multiMode.c.cc13x2.gcc.o)
 .text.RF_swiFsm
                0x000017ec       0x24 /Users/jmcnelly/ti/simplelink_cc13xx_cc26xx_sdk_8_30_01_01/source/ti/drivers/rf/lib/gcc/m4f/rf_multiMode_cc13x2.a(RFCC26X2_multiMode.c.cc13x2.gcc.o)
 .text.RF_fsmXOSCState
                0x00001810       0x50 /Users/jmcnelly/ti/simplelink_cc13xx_cc26xx_sdk_8_30_01_01/source/ti/drivers/rf/lib/gcc/m4f/rf_multiMode_cc13x2.a(RFCC26X2_multiMode.c.cc13x2.gcc.o)
 .text.RF_hwiCpe0ChangePhy
                0x00001860       0x24 /Users/jmcnelly/ti/simplelink_cc13xx_cc26xx_sdk_8_30_01_01/source/ti/drivers/rf/lib/gcc/m4f/rf_multiMode_cc13x2.a(RFCC26X2_multiMode.c.cc13x2.gcc.o)
 .text.RF_executeDirectImmediateCmd
                0x00001884       0x2c /Users/jmcnelly/ti/simplelink_cc13xx_cc26xx_sdk_8_30_01_01/source/ti/drivers/rf/lib/gcc/m4f/rf_multiMode_cc13x2.a(RFCC26X2_multiMode.c.cc13x2.gcc.o)
 .text.RF_wakeupNotification
                0x000018b0       0x50 /Users/jmcnelly/ti/simplelink_cc13xx_cc26xx_sdk_8_30_01_01/source/ti/drivers/rf/lib/gcc/m4f/rf_multiMode_cc13x2.a(RFCC26X2_multiMode.c.cc13x2.gcc.o)
 .text.RF_decodeOverridePointers.constprop.0
                0x00001900      0x120 /Users/jmcnelly/ti/simplelink_cc13xx_cc26xx_sdk_8_30_01_01/source/ti/drivers/rf/lib/gcc/m4f/rf_multiMode_cc13x2.a(RFCC26X2_multiMode.c.cc13x2.gcc.o)
 .text.RF_initRadioSetup
                0x00001a20       0xb0 /Users/jmcnelly/ti/simplelink_cc13xx_cc26xx_sdk_8_30_01_01/source/ti/drivers/rf/lib/gcc/m4f/rf_multiMode_cc13x2.a(RFCC26X2_multiMode.c.cc13x2.gcc.o)
 .text.RF_fsmSetupState
                0x00001ad0      0x10c /Users/jmcnelly/ti/simplelink_cc13xx_cc26xx_sdk_8_30_01_01/source/ti/drivers/rf/lib/gcc/m4f/rf_multiMode_cc13x2.a(RFCC26X2_multiMode.c.cc13x2.gcc.o)
 .text.RF_updatePaConfiguration
                0x00001bdc       0xb8 /Users/jmcnelly/ti/simplelink_cc13xx_cc26xx_sdk_8_30_01_01/source/ti/drivers/rf/lib/gcc/m4f/rf_multiMode_cc13x2.a(RFCC26X2_multiMode.c.cc13x2.gcc.o)
 .text.RF_defaultSubmitPolicy
                0x00001c94       0x94 /Users/jmcnelly/ti/simplelink_cc13xx_cc26xx_sdk_8_30_01_01/source/ti/drivers/rf/lib/gcc/m4f/rf_multiMode_cc13x2.a(RFCC26X2_multiMode.c.cc13x2.gcc.o)
                0x00001c94                RF_defaultSubmitPolicy
 .text.RF_discardPendCmd
                0x00001d28       0x8c /Users/jmcnelly/ti/simplelink_cc13xx_cc26xx_sdk_8_30_01_01/source/ti/drivers/rf/lib/gcc/m4f/rf_multiMode_cc13x2.a(RFCC26X2_multiMode.c.cc13x2.gcc.o)
 .text.RF_abortCmd
                0x00001db4      0x160 /Users/jmcnelly/ti/simplelink_cc13xx_cc26xx_sdk_8_30_01_01/source/ti/drivers/rf/lib/gcc/m4f/rf_multiMode_cc13x2.a(RFCC26X2_multiMode.c.cc13x2.gcc.o)
 .text.RF_powerConstraintSet
                0x00001f14       0x1c /Users/jmcnelly/ti/simplelink_cc13xx_cc26xx_sdk_8_30_01_01/source/ti/drivers/rf/lib/gcc/m4f/rf_multiMode_cc13x2.a(RFCC26X2_multiMode.c.cc13x2.gcc.o)
                0x00001f14                RF_powerConstraintSet
 .text.RF_ratRestartChannels
                0x00001f30       0x88 /Users/jmcnelly/ti/simplelink_cc13xx_cc26xx_sdk_8_30_01_01/source/ti/drivers/rf/lib/gcc/m4f/rf_multiMode_cc13x2.a(RFCC26X2_multiMode.c.cc13x2.gcc.o)
 .text.RF_powerConstraintRelease
                0x00001fb8       0x34 /Users/jmcnelly/ti/simplelink_cc13xx_cc26xx_sdk_8_30_01_01/source/ti/drivers/rf/lib/gcc/m4f/rf_multiMode_cc13x2.a(RFCC26X2_multiMode.c.cc13x2.gcc.o)
                0x00001fb8                RF_powerConstraintRelease
 .text.RF_clkInactivityCallback
                0x00001fec       0x1c /Users/jmcnelly/ti/simplelink_cc13xx_cc26xx_sdk_8_30_01_01/source/ti/drivers/rf/lib/gcc/m4f/rf_multiMode_cc13x2.a(RFCC26X2_multiMode.c.cc13x2.gcc.o)
 .text.RF_radioOpDoneCb
                0x00002008      0x140 /Users/jmcnelly/ti/simplelink_cc13xx_cc26xx_sdk_8_30_01_01/source/ti/drivers/rf/lib/gcc/m4f/rf_multiMode_cc13x2.a(RFCC26X2_multiMode.c.cc13x2.gcc.o)
 .text.RF_ratFreeChannel
                0x00002148       0x88 /Users/jmcnelly/ti/simplelink_cc13xx_cc26xx_sdk_8_30_01_01/source/ti/drivers/rf/lib/gcc/m4f/rf_multiMode_cc13x2.a(RFCC26X2_multiMode.c.cc13x2.gcc.o)
 .text.RF_swiHw
                0x000021d0       0xcc /Users/jmcnelly/ti/simplelink_cc13xx_cc26xx_sdk_8_30_01_01/source/ti/drivers/rf/lib/gcc/m4f/rf_multiMode_cc13x2.a(RFCC26X2_multiMode.c.cc13x2.gcc.o)
 .text.RF_getCurrentTime
                0x0000229c       0x60 /Users/jmcnelly/ti/simplelink_cc13xx_cc26xx_sdk_8_30_01_01/source/ti/drivers/rf/lib/gcc/m4f/rf_multiMode_cc13x2.a(RFCC26X2_multiMode.c.cc13x2.gcc.o)
                0x0000229c                RF_getCurrentTime
 .text.RF_cmdDispatchTime
                0x000022fc       0xac /Users/jmcnelly/ti/simplelink_cc13xx_cc26xx_sdk_8_30_01_01/source/ti/drivers/rf/lib/gcc/m4f/rf_multiMode_cc13x2.a(RFCC26X2_multiMode.c.cc13x2.gcc.o)
 .text.RF_dispatchNextCmd
                0x000023a8      0x1c4 /Users/jmcnelly/ti/simplelink_cc13xx_cc26xx_sdk_8_30_01_01/source/ti/drivers/rf/lib/gcc/m4f/rf_multiMode_cc13x2.a(RFCC26X2_multiMode.c.cc13x2.gcc.o)
 .text.RF_hwiCpe0Active
                0x0000256c       0xf8 /Users/jmcnelly/ti/simplelink_cc13xx_cc26xx_sdk_8_30_01_01/source/ti/drivers/rf/lib/gcc/m4f/rf_multiMode_cc13x2.a(RFCC26X2_multiMode.c.cc13x2.gcc.o)
 .text.RF_hwiCpe0PowerFsm
                0x00002664       0x60 /Users/jmcnelly/ti/simplelink_cc13xx_cc26xx_sdk_8_30_01_01/source/ti/drivers/rf/lib/gcc/m4f/rf_multiMode_cc13x2.a(RFCC26X2_multiMode.c.cc13x2.gcc.o)
 .text.RF_calculateDispatchTime
                0x000026c4       0xc8 /Users/jmcnelly/ti/simplelink_cc13xx_cc26xx_sdk_8_30_01_01/source/ti/drivers/rf/lib/gcc/m4f/rf_multiMode_cc13x2.a(RFCC26X2_multiMode.c.cc13x2.gcc.o)
 .text.RF_dispatchNextEvent
                0x0000278c       0x6c /Users/jmcnelly/ti/simplelink_cc13xx_cc26xx_sdk_8_30_01_01/source/ti/drivers/rf/lib/gcc/m4f/rf_multiMode_cc13x2.a(RFCC26X2_multiMode.c.cc13x2.gcc.o)
 .text.RF_fsmPowerUpState
                0x000027f8      0x118 /Users/jmcnelly/ti/simplelink_cc13xx_cc26xx_sdk_8_30_01_01/source/ti/drivers/rf/lib/gcc/m4f/rf_multiMode_cc13x2.a(RFCC26X2_multiMode.c.cc13x2.gcc.o)
 .text.RF_fsmActiveState
                0x00002910      0x4dc /Users/jmcnelly/ti/simplelink_cc13xx_cc26xx_sdk_8_30_01_01/source/ti/drivers/rf/lib/gcc/m4f/rf_multiMode_cc13x2.a(RFCC26X2_multiMode.c.cc13x2.gcc.o)
 .text.RF_clkPowerUp
                0x00002dec       0x24 /Users/jmcnelly/ti/simplelink_cc13xx_cc26xx_sdk_8_30_01_01/source/ti/drivers/rf/lib/gcc/m4f/rf_multiMode_cc13x2.a(RFCC26X2_multiMode.c.cc13x2.gcc.o)
 .text.RF_postCmd
                0x00002e10      0x100 /Users/jmcnelly/ti/simplelink_cc13xx_cc26xx_sdk_8_30_01_01/source/ti/drivers/rf/lib/gcc/m4f/rf_multiMode_cc13x2.a(RFCC26X2_multiMode.c.cc13x2.gcc.o)
                0x00002e10                RF_postCmd
 .text.RF_pendCmd
                0x00002f10       0xa8 /Users/jmcnelly/ti/simplelink_cc13xx_cc26xx_sdk_8_30_01_01/source/ti/drivers/rf/lib/gcc/m4f/rf_multiMode_cc13x2.a(RFCC26X2_multiMode.c.cc13x2.gcc.o)
                0x00002f10                RF_pendCmd
 .text.RF_runCmd
                0x00002fb8       0x24 /Users/jmcnelly/ti/simplelink_cc13xx_cc26xx_sdk_8_30_01_01/source/ti/drivers/rf/lib/gcc/m4f/rf_multiMode_cc13x2.a(RFCC26X2_multiMode.c.cc13x2.gcc.o)
                0x00002fb8                RF_runCmd
 .text.RF_Params_init
                0x00002fdc       0x18 /Users/jmcnelly/ti/simplelink_cc13xx_cc26xx_sdk_8_30_01_01/source/ti/drivers/rf/lib/gcc/m4f/rf_multiMode_cc13x2.a(RFCC26X2_multiMode.c.cc13x2.gcc.o)
                0x00002fdc                RF_Params_init
 .text.RF_open  0x00002ff4      0x2cc /Users/jmcnelly/ti/simplelink_cc13xx_cc26xx_sdk_8_30_01_01/source/ti/drivers/rf/lib/gcc/m4f/rf_multiMode_cc13x2.a(RFCC26X2_multiMode.c.cc13x2.gcc.o)
                0x00002ff4                RF_open
 .text.NOROM_RFCCpeIntGetAndClear
                0x000032c0       0x10 /Users/jmcnelly/ti/simplelink_cc13xx_cc26xx_sdk_8_30_01_01/source/ti/drivers/rf/lib/gcc/m4f/rf_multiMode_cc13x2.a(rfc.c.cc13x2.gcc.o)
                0x000032c0                NOROM_RFCCpeIntGetAndClear
 .text.NOROM_RFCDoorbellSendTo
                0x000032d0       0x20 /Users/jmcnelly/ti/simplelink_cc13xx_cc26xx_sdk_8_30_01_01/source/ti/drivers/rf/lib/gcc/m4f/rf_multiMode_cc13x2.a(rfc.c.cc13x2.gcc.o)
                0x000032d0                NOROM_RFCDoorbellSendTo
 .text.NOROM_RFCSynthPowerDown
                0x000032f0       0x4c /Users/jmcnelly/ti/simplelink_cc13xx_cc26xx_sdk_8_30_01_01/source/ti/drivers/rf/lib/gcc/m4f/rf_multiMode_cc13x2.a(rfc.c.cc13x2.gcc.o)
                0x000032f0                NOROM_RFCSynthPowerDown
 .text.NOROM_RFCCpePatchReset
                0x0000333c        0x2 /Users/jmcnelly/ti/simplelink_cc13xx_cc26xx_sdk_8_30_01_01/source/ti/drivers/rf/lib/gcc/m4f/rf_multiMode_cc13x2.a(rfc.c.cc13x2.gcc.o)
                0x0000333c                NOROM_RFCCpePatchReset
 .text.NOROM_RFCOverrideSearch
                0x0000333e       0x26 /Users/jmcnelly/ti/simplelink_cc13xx_cc26xx_sdk_8_30_01_01/source/ti/drivers/rf/lib/gcc/m4f/rf_multiMode_cc13x2.a(rfc.c.cc13x2.gcc.o)
                0x0000333e                NOROM_RFCOverrideSearch
 .text.NOROM_RFCAnaDivTxOverride
                0x00003364       0x3c /Users/jmcnelly/ti/simplelink_cc13xx_cc26xx_sdk_8_30_01_01/source/ti/drivers/rf/lib/gcc/m4f/rf_multiMode_cc13x2.a(rfc.c.cc13x2.gcc.o)
                0x00003364                NOROM_RFCAnaDivTxOverride
 .text.NOROM_RFCOverrideUpdate
                0x000033a0        0x4 /Users/jmcnelly/ti/simplelink_cc13xx_cc26xx_sdk_8_30_01_01/source/ti/drivers/rf/lib/gcc/m4f/rf_multiMode_cc13x2.a(rfc.c.cc13x2.gcc.o)
                0x000033a0                NOROM_RFCOverrideUpdate
 .text.NOROM_RFCHwIntGetAndClear
                0x000033a4       0x10 /Users/jmcnelly/ti/simplelink_cc13xx_cc26xx_sdk_8_30_01_01/source/ti/drivers/rf/lib/gcc/m4f/rf_multiMode_cc13x2.a(rfc.c.cc13x2.gcc.o)
                0x000033a4                NOROM_RFCHwIntGetAndClear
 .text.configurePropPatch
                0x000033b4       0x48 /Users/jmcnelly/ti/simplelink_cc13xx_cc26xx_sdk_8_30_01_01/source/ti/drivers/rf/lib/gcc/m4f/rf_multiMode_cc13x2.a(rf_patch_cpe_prop.c.cc13x2.gcc.o)
 .text.rf_patch_cpe_prop
                0x000033fc       0x2c /Users/jmcnelly/ti/simplelink_cc13xx_cc26xx_sdk_8_30_01_01/source/ti/drivers/rf/lib/gcc/m4f/rf_multiMode_cc13x2.a(rf_patch_cpe_prop.c.cc13x2.gcc.o)
                0x000033fc                rf_patch_cpe_prop
 .text.List_clearList
                0x00003428       0x18 /Users/jmcnelly/ti/simplelink_cc13xx_cc26xx_sdk_8_30_01_01/source/ti/drivers/lib/gcc/m4f/drivers_cc13x2.a(List.c.obj)
                0x00003428                List_clearList
 .text.List_get
                0x00003440       0x28 /Users/jmcnelly/ti/simplelink_cc13xx_cc26xx_sdk_8_30_01_01/source/ti/drivers/lib/gcc/m4f/drivers_cc13x2.a(List.c.obj)
                0x00003440                List_get
 .text.List_insert
                0x00003468       0x2c /Users/jmcnelly/ti/simplelink_cc13xx_cc26xx_sdk_8_30_01_01/source/ti/drivers/lib/gcc/m4f/drivers_cc13x2.a(List.c.obj)
                0x00003468                List_insert
 .text.List_put
                0x00003494       0x2c /Users/jmcnelly/ti/simplelink_cc13xx_cc26xx_sdk_8_30_01_01/source/ti/drivers/lib/gcc/m4f/drivers_cc13x2.a(List.c.obj)
                0x00003494                List_put
 .text.List_putHead
                0x000034c0       0x2c /Users/jmcnelly/ti/simplelink_cc13xx_cc26xx_sdk_8_30_01_01/source/ti/drivers/lib/gcc/m4f/drivers_cc13x2.a(List.c.obj)
                0x000034c0                List_putHead
 .text.List_remove
                0x000034ec       0x30 /Users/jmcnelly/ti/simplelink_cc13xx_cc26xx_sdk_8_30_01_01/source/ti/drivers/lib/gcc/m4f/drivers_cc13x2.a(List.c.obj)
                0x000034ec                List_remove
 .text.GPIO_resetConfig
                0x0000351c       0x3c /Users/jmcnelly/ti/simplelink_cc13xx_cc26xx_sdk_8_30_01_01/source/ti/drivers/lib/gcc/m4f/drivers_cc13x2.a(GPIO.c.obj)
                0x0000351c                GPIO_resetConfig
 .text.GPIO_disableInt
                0x00003558       0x18 /Users/jmcnelly/ti/simplelink_cc13xx_cc26xx_sdk_8_30_01_01/source/ti/drivers/lib/gcc/m4f/drivers_cc13x2.a(GPIOCC26XX.c.obj)
                0x00003558                GPIO_disableInt
 .text.GPIO_setConfig
                0x00003570       0x98 /Users/jmcnelly/ti/simplelink_cc13xx_cc26xx_sdk_8_30_01_01/source/ti/drivers/lib/gcc/m4f/drivers_cc13x2.a(GPIOCC26XX.c.obj)
                0x00003570                GPIO_setConfig
 .text.GPIO_toggle
                0x00003608       0x14 /Users/jmcnelly/ti/simplelink_cc13xx_cc26xx_sdk_8_30_01_01/source/ti/drivers/lib/gcc/m4f/drivers_cc13x2.a(GPIOCC26XX.c.obj)
                0x00003608                GPIO_toggle
 .text.GPIO_write
                0x0000361c       0x14 /Users/jmcnelly/ti/simplelink_cc13xx_cc26xx_sdk_8_30_01_01/source/ti/drivers/lib/gcc/m4f/drivers_cc13x2.a(GPIOCC26XX.c.obj)
                0x0000361c                GPIO_write
 .text.emptyClockFunc
                0x00003630        0x4 /Users/jmcnelly/ti/simplelink_cc13xx_cc26xx_sdk_8_30_01_01/source/ti/drivers/lib/gcc/m4f/drivers_cc13x2.a(PowerCC26X2.c.obj)
 .text.nopResourceHandler
                0x00003634        0x4 /Users/jmcnelly/ti/simplelink_cc13xx_cc26xx_sdk_8_30_01_01/source/ti/drivers/lib/gcc/m4f/drivers_cc13x2.a(PowerCC26X2.c.obj)
 .text.configureRFCoreClocks
                0x00003638        0x4 /Users/jmcnelly/ti/simplelink_cc13xx_cc26xx_sdk_8_30_01_01/source/ti/drivers/lib/gcc/m4f/drivers_cc13x2.a(PowerCC26X2.c.obj)
 .text.configureXOSCHF
                0x0000363c      0x13c /Users/jmcnelly/ti/simplelink_cc13xx_cc26xx_sdk_8_30_01_01/source/ti/drivers/lib/gcc/m4f/drivers_cc13x2.a(PowerCC26X2.c.obj)
 .text.switchXOSCHF
                0x00003778       0x7c /Users/jmcnelly/ti/simplelink_cc13xx_cc26xx_sdk_8_30_01_01/source/ti/drivers/lib/gcc/m4f/drivers_cc13x2.a(PowerCC26X2.c.obj)
 .text.switchToTCXO
                0x000037f4       0x10 /Users/jmcnelly/ti/simplelink_cc13xx_cc26xx_sdk_8_30_01_01/source/ti/drivers/lib/gcc/m4f/drivers_cc13x2.a(PowerCC26X2.c.obj)
 .text.oscillatorISR
                0x00003804       0xc0 /Users/jmcnelly/ti/simplelink_cc13xx_cc26xx_sdk_8_30_01_01/source/ti/drivers/lib/gcc/m4f/drivers_cc13x2.a(PowerCC26X2.c.obj)
 .text.Power_disablePolicy
                0x000038c4       0x14 /Users/jmcnelly/ti/simplelink_cc13xx_cc26xx_sdk_8_30_01_01/source/ti/drivers/lib/gcc/m4f/drivers_cc13x2.a(PowerCC26X2.c.obj)
                0x000038c4                Power_disablePolicy
 .text.Power_enablePolicy
                0x000038d8       0x10 /Users/jmcnelly/ti/simplelink_cc13xx_cc26xx_sdk_8_30_01_01/source/ti/drivers/lib/gcc/m4f/drivers_cc13x2.a(PowerCC26X2.c.obj)
                0x000038d8                Power_enablePolicy
 .text.Power_getConstraintMask
                0x000038e8        0xc /Users/jmcnelly/ti/simplelink_cc13xx_cc26xx_sdk_8_30_01_01/source/ti/drivers/lib/gcc/m4f/drivers_cc13x2.a(PowerCC26X2.c.obj)
                0x000038e8                Power_getConstraintMask
 .text.Power_getTransitionLatency
                0x000038f4       0x20 /Users/jmcnelly/ti/simplelink_cc13xx_cc26xx_sdk_8_30_01_01/source/ti/drivers/lib/gcc/m4f/drivers_cc13x2.a(PowerCC26X2.c.obj)
                0x000038f4                Power_getTransitionLatency
 .text.Power_idleFunc
                0x00003914       0x18 /Users/jmcnelly/ti/simplelink_cc13xx_cc26xx_sdk_8_30_01_01/source/ti/drivers/lib/gcc/m4f/drivers_cc13x2.a(PowerCC26X2.c.obj)
                0x00003914                Power_idleFunc
 .text.Power_init
                0x0000392c      0x16c /Users/jmcnelly/ti/simplelink_cc13xx_cc26xx_sdk_8_30_01_01/source/ti/drivers/lib/gcc/m4f/drivers_cc13x2.a(PowerCC26X2.c.obj)
                0x0000392c                Power_init
 .text.Power_registerNotify
                0x00003a98       0x24 /Users/jmcnelly/ti/simplelink_cc13xx_cc26xx_sdk_8_30_01_01/source/ti/drivers/lib/gcc/m4f/drivers_cc13x2.a(PowerCC26X2.c.obj)
                0x00003a98                Power_registerNotify
 .text.Power_releaseConstraint
                0x00003abc       0x34 /Users/jmcnelly/ti/simplelink_cc13xx_cc26xx_sdk_8_30_01_01/source/ti/drivers/lib/gcc/m4f/drivers_cc13x2.a(PowerCC26X2.c.obj)
                0x00003abc                Power_releaseConstraint
 .text.Power_releaseDependency
                0x00003af0       0xc8 /Users/jmcnelly/ti/simplelink_cc13xx_cc26xx_sdk_8_30_01_01/source/ti/drivers/lib/gcc/m4f/drivers_cc13x2.a(PowerCC26X2.c.obj)
                0x00003af0                Power_releaseDependency
 .text.Power_setConstraint
                0x00003bb8       0x2c /Users/jmcnelly/ti/simplelink_cc13xx_cc26xx_sdk_8_30_01_01/source/ti/drivers/lib/gcc/m4f/drivers_cc13x2.a(PowerCC26X2.c.obj)
                0x00003bb8                Power_setConstraint
 .text.Power_setDependency
                0x00003be4       0xd4 /Users/jmcnelly/ti/simplelink_cc13xx_cc26xx_sdk_8_30_01_01/source/ti/drivers/lib/gcc/m4f/drivers_cc13x2.a(PowerCC26X2.c.obj)
                0x00003be4                Power_setDependency
 .text.Power_sleep
                0x00003cb8      0x1e4 /Users/jmcnelly/ti/simplelink_cc13xx_cc26xx_sdk_8_30_01_01/source/ti/drivers/lib/gcc/m4f/drivers_cc13x2.a(PowerCC26X2.c.obj)
                0x00003cb8                Power_sleep
 .text.PowerCC26XX_calibrate
                0x00003e9c       0x18 /Users/jmcnelly/ti/simplelink_cc13xx_cc26xx_sdk_8_30_01_01/source/ti/drivers/lib/gcc/m4f/drivers_cc13x2.a(PowerCC26X2.c.obj)
                0x00003e9c                PowerCC26XX_calibrate
 .text.PowerCC26XX_isStableXOSC_HF
                0x00003eb4       0x30 /Users/jmcnelly/ti/simplelink_cc13xx_cc26xx_sdk_8_30_01_01/source/ti/drivers/lib/gcc/m4f/drivers_cc13x2.a(PowerCC26X2.c.obj)
                0x00003eb4                PowerCC26XX_isStableXOSC_HF
 .text.PowerCC26XX_switchXOSC_HF
                0x00003ee4       0x78 /Users/jmcnelly/ti/simplelink_cc13xx_cc26xx_sdk_8_30_01_01/source/ti/drivers/lib/gcc/m4f/drivers_cc13x2.a(PowerCC26X2.c.obj)
                0x00003ee4                PowerCC26XX_switchXOSC_HF
 .text.PowerCC26X2_initiateCalibration
                0x00003f5c       0x64 /Users/jmcnelly/ti/simplelink_cc13xx_cc26xx_sdk_8_30_01_01/source/ti/drivers/lib/gcc/m4f/drivers_cc13x2.a(PowerCC26X2_calibrateRCOSC.c.obj)
                0x00003f5c                PowerCC26X2_initiateCalibration
 .text.PowerCC26X2_auxISR
                0x00003fc0      0x2b4 /Users/jmcnelly/ti/simplelink_cc13xx_cc26xx_sdk_8_30_01_01/source/ti/drivers/lib/gcc/m4f/drivers_cc13x2.a(PowerCC26X2_calibrateRCOSC.c.obj)
                0x00003fc0                PowerCC26X2_auxISR
 .text.PowerCC26X2_calibrate
                0x00004274      0x110 /Users/jmcnelly/ti/simplelink_cc13xx_cc26xx_sdk_8_30_01_01/source/ti/drivers/lib/gcc/m4f/drivers_cc13x2.a(PowerCC26X2_calibrateRCOSC.c.obj)
                0x00004274                PowerCC26X2_calibrate
 .text.PowerCC26X2_RCOSC_clockFunc
                0x00004384       0x44 /Users/jmcnelly/ti/simplelink_cc13xx_cc26xx_sdk_8_30_01_01/source/ti/drivers/lib/gcc/m4f/drivers_cc13x2.a(PowerCC26X2_calibrateRCOSC.c.obj)
                0x00004384                PowerCC26X2_RCOSC_clockFunc
 .text.GPIO_hwiIntFxn
                0x000043c8       0x4c /Users/jmcnelly/ti/simplelink_cc13xx_cc26xx_sdk_8_30_01_01/source/ti/drivers/lib/gcc/m4f/drivers_cc13x2.a(GPIOCC26X2.c.obj)
                0x000043c8                GPIO_hwiIntFxn
 .text.GPIO_init
                0x00004414      0x120 /Users/jmcnelly/ti/simplelink_cc13xx_cc26xx_sdk_8_30_01_01/source/ti/drivers/lib/gcc/m4f/drivers_cc13x2.a(GPIOCC26X2.c.obj)
                0x00004414                GPIO_init
 .text.PowerCC26X2_updateSubSecInc
                0x00004534       0x84 /Users/jmcnelly/ti/simplelink_cc13xx_cc26xx_sdk_8_30_01_01/source/ti/drivers/lib/gcc/m4f/drivers_cc13x2.a(PowerCC26X2_calibrateRCOSC_helpers.c.obj)
                0x00004534                PowerCC26X2_updateSubSecInc
 .text.PowerCC26X2_readCtrim
                0x000045b8       0x10 /Users/jmcnelly/ti/simplelink_cc13xx_cc26xx_sdk_8_30_01_01/source/ti/drivers/lib/gcc/m4f/drivers_cc13x2.a(PowerCC26X2_calibrateRCOSC_helpers.c.obj)
                0x000045b8                PowerCC26X2_readCtrim
 .text.PowerCC26X2_readCtrimFract
                0x000045c8       0x10 /Users/jmcnelly/ti/simplelink_cc13xx_cc26xx_sdk_8_30_01_01/source/ti/drivers/lib/gcc/m4f/drivers_cc13x2.a(PowerCC26X2_calibrateRCOSC_helpers.c.obj)
                0x000045c8                PowerCC26X2_readCtrimFract
 .text.PowerCC26X2_readRtrim
                0x000045d8       0x10 /Users/jmcnelly/ti/simplelink_cc13xx_cc26xx_sdk_8_30_01_01/source/ti/drivers/lib/gcc/m4f/drivers_cc13x2.a(PowerCC26X2_calibrateRCOSC_helpers.c.obj)
                0x000045d8                PowerCC26X2_readRtrim
 .text.PowerCC26X2_writeCtrim
                0x000045e8       0x28 /Users/jmcnelly/ti/simplelink_cc13xx_cc26xx_sdk_8_30_01_01/source/ti/drivers/lib/gcc/m4f/drivers_cc13x2.a(PowerCC26X2_calibrateRCOSC_helpers.c.obj)
                0x000045e8                PowerCC26X2_writeCtrim
 .text.PowerCC26X2_writeCtrimFract
                0x00004610       0x28 /Users/jmcnelly/ti/simplelink_cc13xx_cc26xx_sdk_8_30_01_01/source/ti/drivers/lib/gcc/m4f/drivers_cc13x2.a(PowerCC26X2_calibrateRCOSC_helpers.c.obj)
                0x00004610                PowerCC26X2_writeCtrimFract
 .text.PowerCC26X2_writeCtrimFractEn
                0x00004638       0x28 /Users/jmcnelly/ti/simplelink_cc13xx_cc26xx_sdk_8_30_01_01/source/ti/drivers/lib/gcc/m4f/drivers_cc13x2.a(PowerCC26X2_calibrateRCOSC_helpers.c.obj)
                0x00004638                PowerCC26X2_writeCtrimFractEn
 .text.PowerCC26X2_writeRtrim
                0x00004660       0x28 /Users/jmcnelly/ti/simplelink_cc13xx_cc26xx_sdk_8_30_01_01/source/ti/drivers/lib/gcc/m4f/drivers_cc13x2.a(PowerCC26X2_calibrateRCOSC_helpers.c.obj)
                0x00004660                PowerCC26X2_writeRtrim
 .text.PowerCC26X2_setTdcClkSrc24M
                0x00004688       0x40 /Users/jmcnelly/ti/simplelink_cc13xx_cc26xx_sdk_8_30_01_01/source/ti/drivers/lib/gcc/m4f/drivers_cc13x2.a(PowerCC26X2_calibrateRCOSC_helpers.c.obj)
                0x00004688                PowerCC26X2_setTdcClkSrc24M
 .text.PowerCC26X2_setAclkRefSrc
                0x000046c8       0x44 /Users/jmcnelly/ti/simplelink_cc13xx_cc26xx_sdk_8_30_01_01/source/ti/drivers/lib/gcc/m4f/drivers_cc13x2.a(PowerCC26X2_calibrateRCOSC_helpers.c.obj)
                0x000046c8                PowerCC26X2_setAclkRefSrc
 .text.PowerCC26X2_oscCtlClearXtal
                0x0000470c       0x10 /Users/jmcnelly/ti/simplelink_cc13xx_cc26xx_sdk_8_30_01_01/source/ti/drivers/lib/gcc/m4f/drivers_cc13x2.a(PowerCC26X2_helpers.c.obj)
                0x0000470c                PowerCC26X2_oscCtlClearXtal
 .text.PowerCC26X2_prcmEnableCacheRetention
                0x0000471c       0x14 /Users/jmcnelly/ti/simplelink_cc13xx_cc26xx_sdk_8_30_01_01/source/ti/drivers/lib/gcc/m4f/drivers_cc13x2.a(PowerCC26X2_helpers.c.obj)
                0x0000471c                PowerCC26X2_prcmEnableCacheRetention
 .text.PowerCC26X2_oschfSwitchToRcosc
                0x00004730        0x4 /Users/jmcnelly/ti/simplelink_cc13xx_cc26xx_sdk_8_30_01_01/source/ti/drivers/lib/gcc/m4f/drivers_cc13x2.a(PowerCC26X2_helpers.c.obj)
                0x00004730                PowerCC26X2_oschfSwitchToRcosc
 .text.PowerCC26X2_oscClockSourceGet
                0x00004734        0xc /Users/jmcnelly/ti/simplelink_cc13xx_cc26xx_sdk_8_30_01_01/source/ti/drivers/lib/gcc/m4f/drivers_cc13x2.a(PowerCC26X2_helpers.c.obj)
                0x00004734                PowerCC26X2_oscClockSourceGet
 .text.PowerCC26X2_oscDisableQualifiers
                0x00004740       0x40 /Users/jmcnelly/ti/simplelink_cc13xx_cc26xx_sdk_8_30_01_01/source/ti/drivers/lib/gcc/m4f/drivers_cc13x2.a(PowerCC26X2_helpers.c.obj)
                0x00004740                PowerCC26X2_oscDisableQualifiers
 .text.PowerCC26X2_getOscHfSourceReady
                0x00004780       0x24 /Users/jmcnelly/ti/simplelink_cc13xx_cc26xx_sdk_8_30_01_01/source/ti/drivers/lib/gcc/m4f/drivers_cc13x2.a(PowerCC26X2_helpers.c.obj)
                0x00004780                PowerCC26X2_getOscHfSourceReady
 .text.PowerCC26X2_oschfTrySwitchToXosc
                0x000047a4        0x8 /Users/jmcnelly/ti/simplelink_cc13xx_cc26xx_sdk_8_30_01_01/source/ti/drivers/lib/gcc/m4f/drivers_cc13x2.a(PowerCC26X2_helpers.c.obj)
                0x000047a4                PowerCC26X2_oschfTrySwitchToXosc
 .text.PowerCC26X2_enableTCXOQual
                0x000047ac       0x24 /Users/jmcnelly/ti/simplelink_cc13xx_cc26xx_sdk_8_30_01_01/source/ti/drivers/lib/gcc/m4f/drivers_cc13x2.a(PowerCC26X2_helpers.c.obj)
                0x000047ac                PowerCC26X2_enableTCXOQual
 .text.PowerCC26X2_disableTCXOQual
                0x000047d0       0x24 /Users/jmcnelly/ti/simplelink_cc13xx_cc26xx_sdk_8_30_01_01/source/ti/drivers/lib/gcc/m4f/drivers_cc13x2.a(PowerCC26X2_helpers.c.obj)
                0x000047d0                PowerCC26X2_disableTCXOQual
 .text.PowerCC26X2_turnOnXosc
                0x000047f4        0x4 /Users/jmcnelly/ti/simplelink_cc13xx_cc26xx_sdk_8_30_01_01/source/ti/drivers/lib/gcc/m4f/drivers_cc13x2.a(PowerCC26X2_helpers.c.obj)
                0x000047f4                PowerCC26X2_turnOnXosc
 .text.PowerCC26X2_switchToTCXO
                0x000047f8       0x10 /Users/jmcnelly/ti/simplelink_cc13xx_cc26xx_sdk_8_30_01_01/source/ti/drivers/lib/gcc/m4f/drivers_cc13x2.a(PowerCC26X2_helpers.c.obj)
                0x000047f8                PowerCC26X2_switchToTCXO
 .text.PowerCC26X2_sysCtrlStandby
                0x00004808        0xc /Users/jmcnelly/ti/simplelink_cc13xx_cc26xx_sdk_8_30_01_01/source/ti/drivers/lib/gcc/m4f/drivers_cc13x2.a(PowerCC26X2_helpers.c.obj)
                0x00004808                PowerCC26X2_sysCtrlStandby
 .text.PowerCC26X2_sysCtrlIdle
                0x00004814        0x4 /Users/jmcnelly/ti/simplelink_cc13xx_cc26xx_sdk_8_30_01_01/source/ti/drivers/lib/gcc/m4f/drivers_cc13x2.a(PowerCC26X2_helpers.c.obj)
                0x00004814                PowerCC26X2_sysCtrlIdle
 .text.PowerCC26X2_setPeriphDeepSleepEnable
                0x00004818        0xc /Users/jmcnelly/ti/simplelink_cc13xx_cc26xx_sdk_8_30_01_01/source/ti/drivers/lib/gcc/m4f/drivers_cc13x2.a(PowerCC26X2_helpers.c.obj)
                0x00004818                PowerCC26X2_setPeriphDeepSleepEnable
 .text.PowerCC26X2_sysCtrlGetResetSource
                0x00004824        0xc /Users/jmcnelly/ti/simplelink_cc13xx_cc26xx_sdk_8_30_01_01/source/ti/drivers/lib/gcc/m4f/drivers_cc13x2.a(PowerCC26X2_helpers.c.obj)
                0x00004824                PowerCC26X2_sysCtrlGetResetSource
 .text.PowerCC26X2_setSubSecIncToXoscLf
                0x00004830       0x34 /Users/jmcnelly/ti/simplelink_cc13xx_cc26xx_sdk_8_30_01_01/source/ti/drivers/lib/gcc/m4f/drivers_cc13x2.a(PowerCC26X2_helpers.c.obj)
                0x00004830                PowerCC26X2_setSubSecIncToXoscLf
 .text.PowerCC26X2_sysCtrlUpdateVoltageRegulator
                0x00004864        0xc /Users/jmcnelly/ti/simplelink_cc13xx_cc26xx_sdk_8_30_01_01/source/ti/drivers/lib/gcc/m4f/drivers_cc13x2.a(PowerCC26X2_helpers.c.obj)
                0x00004864                PowerCC26X2_sysCtrlUpdateVoltageRegulator
 .text.NOROM_ChipInfo_GetChipType
                0x00004870       0x78 /Users/jmcnelly/ti/simplelink_cc13xx_cc26xx_sdk_8_30_01_01/source/ti/devices/cc13x2_cc26x2/driverlib/bin/gcc/driverlib.lib(chipinfo.c.obj)
                0x00004870                NOROM_ChipInfo_GetChipType
 .text.NOROM_ThisLibraryIsFor_CC13x2_CC26x2_HwRev20AndLater_HaltIfViolated
                0x000048e8       0x58 /Users/jmcnelly/ti/simplelink_cc13xx_cc26xx_sdk_8_30_01_01/source/ti/devices/cc13x2_cc26x2/driverlib/bin/gcc/driverlib.lib(chipinfo.c.obj)
                0x000048e8                NOROM_ThisLibraryIsFor_CC13x2_CC26x2_HwRev20AndLater_HaltIfViolated
 .text.NOROM_CPUcpsid
                0x00004940        0x8 /Users/jmcnelly/ti/simplelink_cc13xx_cc26xx_sdk_8_30_01_01/source/ti/devices/cc13x2_cc26x2/driverlib/bin/gcc/driverlib.lib(cpu.c.obj)
                0x00004940                NOROM_CPUcpsid
 .text.NOROM_CPUcpsie
                0x00004948        0x8 /Users/jmcnelly/ti/simplelink_cc13xx_cc26xx_sdk_8_30_01_01/source/ti/devices/cc13x2_cc26x2/driverlib/bin/gcc/driverlib.lib(cpu.c.obj)
                0x00004948                NOROM_CPUcpsie
 .text.NOROM_CPUdelay
                0x00004950        0x8 /Users/jmcnelly/ti/simplelink_cc13xx_cc26xx_sdk_8_30_01_01/source/ti/devices/cc13x2_cc26x2/driverlib/bin/gcc/driverlib.lib(cpu.c.obj)
                0x00004950                NOROM_CPUdelay
 .text.NOROM_IntRegister
                0x00004958       0x40 /Users/jmcnelly/ti/simplelink_cc13xx_cc26xx_sdk_8_30_01_01/source/ti/devices/cc13x2_cc26x2/driverlib/bin/gcc/driverlib.lib(interrupt.c.obj)
                0x00004958                NOROM_IntRegister
 .text.NOROM_OSCHF_TurnOnXosc
                0x00004998       0x24 /Users/jmcnelly/ti/simplelink_cc13xx_cc26xx_sdk_8_30_01_01/source/ti/devices/cc13x2_cc26x2/driverlib/bin/gcc/driverlib.lib(osc.c.obj)
                0x00004998                NOROM_OSCHF_TurnOnXosc
 .text.NOROM_OSCHF_AttemptToSwitchToXosc
                0x000049bc       0x88 /Users/jmcnelly/ti/simplelink_cc13xx_cc26xx_sdk_8_30_01_01/source/ti/devices/cc13x2_cc26x2/driverlib/bin/gcc/driverlib.lib(osc.c.obj)
                0x000049bc                NOROM_OSCHF_AttemptToSwitchToXosc
 .text.NOROM_OSCHF_SwitchToRcOscTurnOffXosc
                0x00004a44       0x6c /Users/jmcnelly/ti/simplelink_cc13xx_cc26xx_sdk_8_30_01_01/source/ti/devices/cc13x2_cc26x2/driverlib/bin/gcc/driverlib.lib(osc.c.obj)
                0x00004a44                NOROM_OSCHF_SwitchToRcOscTurnOffXosc
 .text.NOROM_OSC_CapArrayAdjustWorkaround_Boot
                0x00004ab0       0x6c /Users/jmcnelly/ti/simplelink_cc13xx_cc26xx_sdk_8_30_01_01/source/ti/devices/cc13x2_cc26x2/driverlib/bin/gcc/driverlib.lib(osc.c.obj)
                0x00004ab0                NOROM_OSC_CapArrayAdjustWorkaround_Boot
 .text.NOROM_OSC_HPOSCRelativeFrequencyOffsetGet
                0x00004b1c       0x40 /Users/jmcnelly/ti/simplelink_cc13xx_cc26xx_sdk_8_30_01_01/source/ti/devices/cc13x2_cc26x2/driverlib/bin/gcc/driverlib.lib(osc.c.obj)
                0x00004b1c                NOROM_OSC_HPOSCRelativeFrequencyOffsetGet
 .text.NOROM_PRCMPowerDomainsAllOff
                0x00004b5c       0x58 /Users/jmcnelly/ti/simplelink_cc13xx_cc26xx_sdk_8_30_01_01/source/ti/devices/cc13x2_cc26x2/driverlib/bin/gcc/driverlib.lib(prcm.c.obj)
                0x00004b5c                NOROM_PRCMPowerDomainsAllOff
 .text.NOROM_PRCMPowerDomainsAllOn
                0x00004bb4       0x40 /Users/jmcnelly/ti/simplelink_cc13xx_cc26xx_sdk_8_30_01_01/source/ti/devices/cc13x2_cc26x2/driverlib/bin/gcc/driverlib.lib(prcm.c.obj)
                0x00004bb4                NOROM_PRCMPowerDomainsAllOn
 .text.TrimAfterColdResetWakeupFromShutDown
                0x00004bf4       0xd8 /Users/jmcnelly/ti/simplelink_cc13xx_cc26xx_sdk_8_30_01_01/source/ti/devices/cc13x2_cc26x2/driverlib/bin/gcc/driverlib.lib(setup.c.obj)
 .text.NOROM_SetupTrimDevice
                0x00004ccc       0xe8 /Users/jmcnelly/ti/simplelink_cc13xx_cc26xx_sdk_8_30_01_01/source/ti/devices/cc13x2_cc26x2/driverlib/bin/gcc/driverlib.lib(setup.c.obj)
                0x00004ccc                NOROM_SetupTrimDevice
 .text.NOROM_SysCtrlIdle
                0x00004db4       0x3c /Users/jmcnelly/ti/simplelink_cc13xx_cc26xx_sdk_8_30_01_01/source/ti/devices/cc13x2_cc26x2/driverlib/bin/gcc/driverlib.lib(sys_ctrl.c.obj)
                0x00004db4                NOROM_SysCtrlIdle
 .text.NOROM_SysCtrlStandby
                0x00004df0      0x170 /Users/jmcnelly/ti/simplelink_cc13xx_cc26xx_sdk_8_30_01_01/source/ti/devices/cc13x2_cc26x2/driverlib/bin/gcc/driverlib.lib(sys_ctrl.c.obj)
                0x00004df0                NOROM_SysCtrlStandby
 .text.NOROM_AUXSYSIFOpModeChange
                0x00004f60       0x38 /Users/jmcnelly/ti/simplelink_cc13xx_cc26xx_sdk_8_30_01_01/source/ti/devices/cc13x2_cc26x2/driverlib/bin/gcc/driverlib.lib(aux_sysif.c.obj)
                0x00004f60                NOROM_AUXSYSIFOpModeChange
 .text.__udivmoddi4
                0x00004f98      0x2f8 /Applications/ArmGNUToolchain/14.2.rel1/arm-none-eabi/bin/../lib/gcc/arm-none-eabi/14.2.1/thumb/v7e-m+fp/hard/libgcc.a(_udivmoddi4.o)
                0x00004f98                __udivmoddi4
 .text.memset   0x00005290       0x10 /Applications/ArmGNUToolchain/14.2.rel1/arm-none-eabi/bin/../lib/gcc/arm-none-eabi/14.2.1/../../../../arm-none-eabi/lib/thumb/v7e-m+fp/hard/libc_nano.a(libc_a-memset.o)
                0x00005290                memset
 .text.memcpy   0x000052a0       0x1c /Applications/ArmGNUToolchain/14.2.rel1/arm-none-eabi/bin/../lib/gcc/arm-none-eabi/14.2.1/../../../../arm-none-eabi/lib/thumb/v7e-m+fp/hard/libc_nano.a(libc_a-memcpy-stub.o)
                0x000052a0                memcpy
                0x000052bc                        . = ALIGN (0x4)
 *(.ctors)
                0x000052bc                        . = ALIGN (0x4)
 *(.dtors)
                0x000052bc                        . = ALIGN (0x4)
                0x000052bc                        __init_array_start = .
 *(.init_array*)
                0x000052bc                        __init_array_end = .
 *(.init)
 *(.fini*)
                [!provide]                        PROVIDE (__etext = .)
                [!provide]                        PROVIDE (_etext = .)
                [!provide]                        PROVIDE (etext = .)

.glue_7         0x000052bc        0x0
 .glue_7        0x000052bc        0x0 linker stubs

.glue_7t        0x000052bc        0x0
 .glue_7t       0x000052bc        0x0 linker stubs

.vfp11_veneer   0x000052bc        0x0
 .vfp11_veneer  0x000052bc        0x0 linker stubs

.v4_bx          0x000052bc        0x0
 .v4_bx         0x000052bc        0x0 linker stubs

.iplt           0x000052bc        0x0
 .iplt          0x000052bc        0x0 ./RFQueue.o

.rodata         0x000052bc      0x3e0
 *(.rodata)
 *(.rodata.*)
 .rodata.GPIO_pinLowerBound
                0x000052bc        0x1 ./syscfg/ti_drivers_config.o
                0x000052bc                GPIO_pinLowerBound
 .rodata.GPIO_pinUpperBound
                0x000052bd        0x1 ./syscfg/ti_drivers_config.o
                0x000052bd                GPIO_pinUpperBound
 *fill*         0x000052be        0x2 
 .rodata.GPIO_config
                0x000052c0       0x10 ./syscfg/ti_drivers_config.o
                0x000052c0                GPIO_config
 .rodata.PowerCC26X2_config
                0x000052d0       0x14 ./syscfg/ti_drivers_config.o
                0x000052d0                PowerCC26X2_config
 .rodata.RFCC26XX_hwAttrs
                0x000052e4        0xc ./syscfg/ti_drivers_config.o
                0x000052e4                RFCC26XX_hwAttrs
 .rodata.SwiP_defaultParams
                0x000052f0       0x10 /Users/jmcnelly/ti/simplelink_cc13xx_cc26xx_sdk_8_30_01_01/kernel/nortos/lib/gcc/m4f/nortos_cc13x2.a(SwiP_nortos.c.obj)
 .rodata.RF_defaultParams
                0x00005300       0x20 /Users/jmcnelly/ti/simplelink_cc13xx_cc26xx_sdk_8_30_01_01/source/ti/drivers/rf/lib/gcc/m4f/rf_multiMode_cc13x2.a(RFCC26X2_multiMode.c.cc13x2.gcc.o)
 .rodata.CSWTCH.10
                0x00005320       0x3e /Users/jmcnelly/ti/simplelink_cc13xx_cc26xx_sdk_8_30_01_01/source/ti/drivers/rf/lib/gcc/m4f/rf_multiMode_cc13x2.a(rfc.c.cc13x2.gcc.o)
 *fill*         0x0000535e        0x2 
 .rodata.patchImageProp
                0x00005360      0x2e0 /Users/jmcnelly/ti/simplelink_cc13xx_cc26xx_sdk_8_30_01_01/source/ti/drivers/rf/lib/gcc/m4f/rf_multiMode_cc13x2.a(rf_patch_cpe_prop.c.cc13x2.gcc.o)
 .rodata.resourceDB
                0x00005640       0x54 /Users/jmcnelly/ti/simplelink_cc13xx_cc26xx_sdk_8_30_01_01/source/ti/drivers/lib/gcc/m4f/drivers_cc13x2.a(PowerCC26X2.c.obj)
                0x00005640                resourceDB
 .rodata.g_Order_to_OpMode
                0x00005694        0x4 /Users/jmcnelly/ti/simplelink_cc13xx_cc26xx_sdk_8_30_01_01/source/ti/devices/cc13x2_cc26x2/driverlib/bin/gcc/driverlib.lib(aux_sysif.c.obj)
 .rodata.g_OpMode_to_order
                0x00005698        0x4 /Users/jmcnelly/ti/simplelink_cc13xx_cc26xx_sdk_8_30_01_01/source/ti/devices/cc13x2_cc26x2/driverlib/bin/gcc/driverlib.lib(aux_sysif.c.obj)
 *(.timestampPFormat)

.data           0x200000d8      0x2b0 load address 0x0000569c
                0x0000569c                        __data_load__ = LOADADDR (.data)
                0x200000d8                        __data_start__ = .
 *(.data)
 *(.data.*)
 .data.RF_prop  0x200000d8       0x10 ./syscfg/ti_radio_config.o
                0x200000d8                RF_prop
 .data.pOverrides
                0x200000e8       0x24 ./syscfg/ti_radio_config.o
                0x200000e8                pOverrides
 .data.RF_cmdPropRadioDivSetup
                0x2000010c       0x28 ./syscfg/ti_radio_config.o
                0x2000010c                RF_cmdPropRadioDivSetup
 .data.RF_cmdFs
                0x20000134       0x18 ./syscfg/ti_radio_config.o
                0x20000134                RF_cmdFs
 .data.RF_cmdPropRx
                0x2000014c       0x24 ./syscfg/ti_radio_config.o
                0x2000014c                RF_cmdPropRx
 .data.gpioPinConfigs
                0x20000170       0x7c ./syscfg/ti_drivers_config.o
                0x20000170                gpioPinConfigs
 .data.SemaphoreP_defaultParams
                0x200001ec        0x8 /Users/jmcnelly/ti/simplelink_cc13xx_cc26xx_sdk_8_30_01_01/kernel/nortos/lib/gcc/m4f/nortos_cc13x2.a(SemaphoreP_nortos.c.obj)
                0x200001ec                SemaphoreP_defaultParams
 .data.ClockP_tickPeriod
                0x200001f4        0x4 /Users/jmcnelly/ti/simplelink_cc13xx_cc26xx_sdk_8_30_01_01/kernel/nortos/lib/gcc/m4f/nortos_cc13x2.a(ClockPTimer_nortos.c.obj)
                0x200001f4                ClockP_tickPeriod
 .data.HwiP_swiPIntNum
                0x200001f8        0x4 /Users/jmcnelly/ti/simplelink_cc13xx_cc26xx_sdk_8_30_01_01/kernel/nortos/lib/gcc/m4f/nortos_cc13x2.a(HwiPCC26XX_nortos.c.obj)
                0x200001f8                HwiP_swiPIntNum
 .data.TimerP_defaultParams
                0x200001fc        0xc /Users/jmcnelly/ti/simplelink_cc13xx_cc26xx_sdk_8_30_01_01/kernel/nortos/lib/gcc/m4f/nortos_cc13x2.a(TimerPCC26XX_nortos.c.obj)
 .data.RFCC26XX_schedulerPolicy
                0x20000208        0x8 /Users/jmcnelly/ti/simplelink_cc13xx_cc26xx_sdk_8_30_01_01/source/ti/drivers/rf/lib/gcc/m4f/rf_multiMode_cc13x2.a(RFCC26X2_multiMode.c.cc13x2.gcc.o)
                0x20000208                RFCC26XX_schedulerPolicy
 .data.PowerCC26X2_rtcSubSecInc
                0x20000210        0x4 /Users/jmcnelly/ti/simplelink_cc13xx_cc26xx_sdk_8_30_01_01/source/ti/drivers/lib/gcc/m4f/drivers_cc13x2.a(PowerCC26X2.c.obj)
 .data.PowerCC26X2_module
                0x20000214      0x174 /Users/jmcnelly/ti/simplelink_cc13xx_cc26xx_sdk_8_30_01_01/source/ti/drivers/lib/gcc/m4f/drivers_cc13x2.a(PowerCC26X2.c.obj)
                0x20000214                PowerCC26X2_module
                0x20000388                        . = ALIGN (0x4)
                0x20000388                        __data_end__ = .

.igot.plt       0x20000388        0x0 load address 0x0000594c
 .igot.plt      0x20000388        0x0 ./RFQueue.o

.ARM.exidx      0x0000594c        0x8
                0x0000594c                        __exidx_start = .
 *(.ARM.exidx* .gnu.linkonce.armexidx.*)
 .ARM.exidx.text.__udivmoddi4
                0x0000594c        0x8 /Applications/ArmGNUToolchain/14.2.rel1/arm-none-eabi/bin/../lib/gcc/arm-none-eabi/14.2.1/thumb/v7e-m+fp/hard/libgcc.a(_udivmoddi4.o)
                0x00005954                        __exidx_end = .

.ARM.extab
 *(.ARM.extab* .gnu.linkonce.armextab.*)

.nvs
 *(.nvs)

.ccfg           0x00057fa8       0x58
 *(.ccfg)
 .ccfg          0x00057fa8       0x58 ./syscfg/ti_devices_config.o
                0x00057fa8                __ccfg

.rel.dyn        0x00058000        0x0
 .rel.iplt      0x00058000        0x0 ./RFQueue.o

.bss            0x20000388      0x9f0
                0x20000388                        __bss_start__ = .
 *(.shbss)
 *(.bss)
 *(.bss.*)
 .bss.readEntry
                0x20000388        0x4 ./RFQueue.o
                0x20000388                readEntry
 *fill*         0x2000038c        0x4 
 .bss.rfObject  0x20000390      0x100 ./rfPacketRx.o
 .bss.rfHandle  0x20000490        0x4 ./rfPacketRx.o
 .bss.rxDataEntryBuffer
                0x20000494       0x58 ./rfPacketRx.o
 .bss.dataQueue
                0x200004ec        0x8 ./rfPacketRx.o
 .bss.currentDataEntry
                0x200004f4        0x4 ./rfPacketRx.o
 .bss.packetLength
                0x200004f8        0x1 ./rfPacketRx.o
 *fill*         0x200004f9        0x3 
 .bss.packetDataPointer
                0x200004fc        0x4 ./rfPacketRx.o
 .bss.packet    0x20000500       0x1f ./rfPacketRx.o
 *fill*         0x2000051f        0x1 
 .bss.gpioCallbackFunctions
                0x20000520       0x7c ./syscfg/ti_drivers_config.o
                0x20000520                gpioCallbackFunctions
 .bss.gpioUserArgs
                0x2000059c       0x7c ./syscfg/ti_drivers_config.o
                0x2000059c                gpioUserArgs
 .bss.SemaphoreP_initialized
                0x20000618        0x1 /Users/jmcnelly/ti/simplelink_cc13xx_cc26xx_sdk_8_30_01_01/kernel/nortos/lib/gcc/m4f/nortos_cc13x2.a(SemaphoreP_nortos.c.obj)
 .bss.doEnablePolicy
                0x20000619        0x1 /Users/jmcnelly/ti/simplelink_cc13xx_cc26xx_sdk_8_30_01_01/kernel/nortos/lib/gcc/m4f/nortos_cc13x2.a(SemaphoreP_nortos.c.obj)
 .bss.pendInProgress
                0x2000061a        0x1 /Users/jmcnelly/ti/simplelink_cc13xx_cc26xx_sdk_8_30_01_01/kernel/nortos/lib/gcc/m4f/nortos_cc13x2.a(SemaphoreP_nortos.c.obj)
 *fill*         0x2000061b        0x1 
 .bss.ClockP_defaultParams
                0x2000061c        0xc /Users/jmcnelly/ti/simplelink_cc13xx_cc26xx_sdk_8_30_01_01/kernel/nortos/lib/gcc/m4f/nortos_cc13x2.a(ClockPTimer_nortos.c.obj)
 .bss.ClockP_initialized
                0x20000628        0x1 /Users/jmcnelly/ti/simplelink_cc13xx_cc26xx_sdk_8_30_01_01/kernel/nortos/lib/gcc/m4f/nortos_cc13x2.a(ClockPTimer_nortos.c.obj)
 *fill*         0x20000629        0x7 
 .bss.ClockP_module
                0x20000630       0xa8 /Users/jmcnelly/ti/simplelink_cc13xx_cc26xx_sdk_8_30_01_01/kernel/nortos/lib/gcc/m4f/nortos_cc13x2.a(ClockPTimer_nortos.c.obj)
 .bss.HwiP_dispatchTable
                0x200006d8       0xd8 /Users/jmcnelly/ti/simplelink_cc13xx_cc26xx_sdk_8_30_01_01/kernel/nortos/lib/gcc/m4f/nortos_cc13x2.a(HwiPCC26XX_nortos.c.obj)
 .bss.PowerCC26X2_swiKey
                0x200007b0        0x4 /Users/jmcnelly/ti/simplelink_cc13xx_cc26xx_sdk_8_30_01_01/kernel/nortos/lib/gcc/m4f/nortos_cc13x2.a(PowerCC26X2_nortos.c.obj)
 .bss.TimerP_hwiStruct
                0x200007b4       0x1c /Users/jmcnelly/ti/simplelink_cc13xx_cc26xx_sdk_8_30_01_01/kernel/nortos/lib/gcc/m4f/nortos_cc13x2.a(TimerPCC26XX_nortos.c.obj)
 .bss.TimerP_handle
                0x200007d0        0x4 /Users/jmcnelly/ti/simplelink_cc13xx_cc26xx_sdk_8_30_01_01/kernel/nortos/lib/gcc/m4f/nortos_cc13x2.a(TimerPCC26XX_nortos.c.obj)
 .bss.TimerP_initialized
                0x200007d4        0x1 /Users/jmcnelly/ti/simplelink_cc13xx_cc26xx_sdk_8_30_01_01/kernel/nortos/lib/gcc/m4f/nortos_cc13x2.a(TimerPCC26XX_nortos.c.obj)
 *fill*         0x200007d5        0x3 
 .bss.SwiP_readyList
                0x200007d8       0x20 /Users/jmcnelly/ti/simplelink_cc13xx_cc26xx_sdk_8_30_01_01/kernel/nortos/lib/gcc/m4f/nortos_cc13x2.a(SwiP_nortos.c.obj)
 .bss.SwiP_hwiStruct
                0x200007f8       0x1c /Users/jmcnelly/ti/simplelink_cc13xx_cc26xx_sdk_8_30_01_01/kernel/nortos/lib/gcc/m4f/nortos_cc13x2.a(SwiP_nortos.c.obj)
 .bss.SwiP_initialized
                0x20000814        0x1 /Users/jmcnelly/ti/simplelink_cc13xx_cc26xx_sdk_8_30_01_01/kernel/nortos/lib/gcc/m4f/nortos_cc13x2.a(SwiP_nortos.c.obj)
 .bss.SwiP_schedulerRunning
                0x20000815        0x1 /Users/jmcnelly/ti/simplelink_cc13xx_cc26xx_sdk_8_30_01_01/kernel/nortos/lib/gcc/m4f/nortos_cc13x2.a(SwiP_nortos.c.obj)
 *fill*         0x20000816        0x2 
 .bss.SwiP_currentTrigger
                0x20000818        0x4 /Users/jmcnelly/ti/simplelink_cc13xx_cc26xx_sdk_8_30_01_01/kernel/nortos/lib/gcc/m4f/nortos_cc13x2.a(SwiP_nortos.c.obj)
 .bss.SwiP_lockState
                0x2000081c        0x4 /Users/jmcnelly/ti/simplelink_cc13xx_cc26xx_sdk_8_30_01_01/kernel/nortos/lib/gcc/m4f/nortos_cc13x2.a(SwiP_nortos.c.obj)
 .bss.SwiP_readyMask
                0x20000820        0x4 /Users/jmcnelly/ti/simplelink_cc13xx_cc26xx_sdk_8_30_01_01/kernel/nortos/lib/gcc/m4f/nortos_cc13x2.a(SwiP_nortos.c.obj)
 .bss.lfClockSourceLast.0
                0x20000824        0x4 /Users/jmcnelly/ti/simplelink_cc13xx_cc26xx_sdk_8_30_01_01/source/ti/drivers/rf/lib/gcc/m4f/rf_multiMode_cc13x2.a(RFCC26X2_multiMode.c.cc13x2.gcc.o)
 .bss.bDisableFlashInIdleConstraint
                0x20000828        0x1 /Users/jmcnelly/ti/simplelink_cc13xx_cc26xx_sdk_8_30_01_01/source/ti/drivers/rf/lib/gcc/m4f/rf_multiMode_cc13x2.a(RFCC26X2_multiMode.c.cc13x2.gcc.o)
 *fill*         0x20000829        0x3 
 .bss.pfnUpdateHposcOverride
                0x2000082c        0x4 /Users/jmcnelly/ti/simplelink_cc13xx_cc26xx_sdk_8_30_01_01/source/ti/drivers/rf/lib/gcc/m4f/rf_multiMode_cc13x2.a(RFCC26X2_multiMode.c.cc13x2.gcc.o)
 .bss.RF_numClients
                0x20000830        0x1 /Users/jmcnelly/ti/simplelink_cc13xx_cc26xx_sdk_8_30_01_01/source/ti/drivers/rf/lib/gcc/m4f/rf_multiMode_cc13x2.a(RFCC26X2_multiMode.c.cc13x2.gcc.o)
 *fill*         0x20000831        0x3 
 .bss.RF_errTolValInUs
                0x20000834        0x4 /Users/jmcnelly/ti/simplelink_cc13xx_cc26xx_sdk_8_30_01_01/source/ti/drivers/rf/lib/gcc/m4f/rf_multiMode_cc13x2.a(RFCC26X2_multiMode.c.cc13x2.gcc.o)
 .bss.RF_rtcBeginSequence
                0x20000838        0x4 /Users/jmcnelly/ti/simplelink_cc13xx_cc26xx_sdk_8_30_01_01/source/ti/drivers/rf/lib/gcc/m4f/rf_multiMode_cc13x2.a(RFCC26X2_multiMode.c.cc13x2.gcc.o)
 .bss.RF_rtcTimestampA
                0x2000083c        0x4 /Users/jmcnelly/ti/simplelink_cc13xx_cc26xx_sdk_8_30_01_01/source/ti/drivers/rf/lib/gcc/m4f/rf_multiMode_cc13x2.a(RFCC26X2_multiMode.c.cc13x2.gcc.o)
 .bss.RF_Sch    0x20000840       0x28 /Users/jmcnelly/ti/simplelink_cc13xx_cc26xx_sdk_8_30_01_01/source/ti/drivers/rf/lib/gcc/m4f/rf_multiMode_cc13x2.a(RFCC26X2_multiMode.c.cc13x2.gcc.o)
 .bss.RF_ratSyncCmd
                0x20000868       0x14 /Users/jmcnelly/ti/simplelink_cc13xx_cc26xx_sdk_8_30_01_01/source/ti/drivers/rf/lib/gcc/m4f/rf_multiMode_cc13x2.a(RFCC26X2_multiMode.c.cc13x2.gcc.o)
 *fill*         0x2000087c        0x4 
 .bss.RF_ratModule
                0x20000880       0x68 /Users/jmcnelly/ti/simplelink_cc13xx_cc26xx_sdk_8_30_01_01/source/ti/drivers/rf/lib/gcc/m4f/rf_multiMode_cc13x2.a(RFCC26X2_multiMode.c.cc13x2.gcc.o)
 .bss.RF_core   0x200008e8       0x10 /Users/jmcnelly/ti/simplelink_cc13xx_cc26xx_sdk_8_30_01_01/source/ti/drivers/rf/lib/gcc/m4f/rf_multiMode_cc13x2.a(RFCC26X2_multiMode.c.cc13x2.gcc.o)
 .bss.RF_currClient
                0x200008f8        0x4 /Users/jmcnelly/ti/simplelink_cc13xx_cc26xx_sdk_8_30_01_01/source/ti/drivers/rf/lib/gcc/m4f/rf_multiMode_cc13x2.a(RFCC26X2_multiMode.c.cc13x2.gcc.o)
 .bss.RF_powerConstraint
                0x200008fc        0x1 /Users/jmcnelly/ti/simplelink_cc13xx_cc26xx_sdk_8_30_01_01/source/ti/drivers/rf/lib/gcc/m4f/rf_multiMode_cc13x2.a(RFCC26X2_multiMode.c.cc13x2.gcc.o)
 *fill*         0x200008fd        0x3 
 .bss.RF_wakeupNotifyObj
                0x20000900       0x14 /Users/jmcnelly/ti/simplelink_cc13xx_cc26xx_sdk_8_30_01_01/source/ti/drivers/rf/lib/gcc/m4f/rf_multiMode_cc13x2.a(RFCC26X2_multiMode.c.cc13x2.gcc.o)
 .bss.RF_cmdQ   0x20000914       0x20 /Users/jmcnelly/ti/simplelink_cc13xx_cc26xx_sdk_8_30_01_01/source/ti/drivers/rf/lib/gcc/m4f/rf_multiMode_cc13x2.a(RFCC26X2_multiMode.c.cc13x2.gcc.o)
 *fill*         0x20000934        0x4 
 .bss.RF_cmdPool
                0x20000938      0x2c0 /Users/jmcnelly/ti/simplelink_cc13xx_cc26xx_sdk_8_30_01_01/source/ti/drivers/rf/lib/gcc/m4f/rf_multiMode_cc13x2.a(RFCC26X2_multiMode.c.cc13x2.gcc.o)
 .bss.RF_clkInactivityObj
                0x20000bf8       0x44 /Users/jmcnelly/ti/simplelink_cc13xx_cc26xx_sdk_8_30_01_01/source/ti/drivers/rf/lib/gcc/m4f/rf_multiMode_cc13x2.a(RFCC26X2_multiMode.c.cc13x2.gcc.o)
 .bss.RF_clkPowerUpObj
                0x20000c3c       0x44 /Users/jmcnelly/ti/simplelink_cc13xx_cc26xx_sdk_8_30_01_01/source/ti/drivers/rf/lib/gcc/m4f/rf_multiMode_cc13x2.a(RFCC26X2_multiMode.c.cc13x2.gcc.o)
 .bss.RF_hwiHwObj
                0x20000c80       0x1c /Users/jmcnelly/ti/simplelink_cc13xx_cc26xx_sdk_8_30_01_01/source/ti/drivers/rf/lib/gcc/m4f/rf_multiMode_cc13x2.a(RFCC26X2_multiMode.c.cc13x2.gcc.o)
 .bss.RF_swiHwObj
                0x20000c9c       0x3c /Users/jmcnelly/ti/simplelink_cc13xx_cc26xx_sdk_8_30_01_01/source/ti/drivers/rf/lib/gcc/m4f/rf_multiMode_cc13x2.a(RFCC26X2_multiMode.c.cc13x2.gcc.o)
 .bss.RF_hwiCpe0Obj
                0x20000cd8       0x1c /Users/jmcnelly/ti/simplelink_cc13xx_cc26xx_sdk_8_30_01_01/source/ti/drivers/rf/lib/gcc/m4f/rf_multiMode_cc13x2.a(RFCC26X2_multiMode.c.cc13x2.gcc.o)
 .bss.RF_swiFsmObj
                0x20000cf4       0x3c /Users/jmcnelly/ti/simplelink_cc13xx_cc26xx_sdk_8_30_01_01/source/ti/drivers/rf/lib/gcc/m4f/rf_multiMode_cc13x2.a(RFCC26X2_multiMode.c.cc13x2.gcc.o)
 .bss.bPropPatchEntered
                0x20000d30        0x1 /Users/jmcnelly/ti/simplelink_cc13xx_cc26xx_sdk_8_30_01_01/source/ti/drivers/rf/lib/gcc/m4f/rf_multiMode_cc13x2.a(rf_patch_cpe_prop.c.cc13x2.gcc.o)
 *fill*         0x20000d31        0x3 
 .bss.gpioHwi   0x20000d34       0x1c /Users/jmcnelly/ti/simplelink_cc13xx_cc26xx_sdk_8_30_01_01/source/ti/drivers/lib/gcc/m4f/drivers_cc13x2.a(GPIOCC26X2.c.obj)
 .bss.initCalled
                0x20000d50        0x1 /Users/jmcnelly/ti/simplelink_cc13xx_cc26xx_sdk_8_30_01_01/source/ti/drivers/lib/gcc/m4f/drivers_cc13x2.a(GPIOCC26X2.c.obj)
 *fill*         0x20000d51        0x3 
 .bss._hposcCoeffs
                0x20000d54       0x10 /Users/jmcnelly/ti/simplelink_cc13xx_cc26xx_sdk_8_30_01_01/source/ti/devices/cc13x2_cc26x2/driverlib/bin/gcc/driverlib.lib(osc.c.obj)
                0x20000d54                _hposcCoeffs
 .bss.oscHfGlobals
                0x20000d64       0x14 /Users/jmcnelly/ti/simplelink_cc13xx_cc26xx_sdk_8_30_01_01/source/ti/devices/cc13x2_cc26x2/driverlib/bin/gcc/driverlib.lib(osc.c.obj)
 *(COMMON)
                0x20000d78                        . = ALIGN (0x4)
                0x20000d78                        __bss_end__ = .

.heap           0x20000d78     0x4000
                0x20000d78                        __heap_start__ = .
                0x20000d78                        end = __heap_start__
                0x20000d78                        _end = end
                0x20000d78                        __end = end
                0x20004d78                        . = (. + HEAPSIZE)
 *fill*         0x20000d78     0x4000 
 *(.heap)
                0x20004d78                        __heap_end__ = .
                0x20004d78                        __HeapLimit = __heap_end__

.stack          0x20004d78      0x400
                0x20004d78                        _stack = .
                0x20004d78                        __stack = .
 *(.stack)
                0x20005178                        . = (. + STACKSIZE)
 *fill*         0x20004d78      0x400 
                0x20005178                        _stack_end = .
                0x20005178                        __stack_end = .

.log_data
 *(.log_data)

.log_ptr
 *(.log_ptr*)
LOAD /Users/jmcnelly/git-checkouts/adsbee/firmware/ti/rfPacketRx_CC1312R1_LAUNCHXL_nortos_gcc/Debug/syscfg/ti_utils_build_linker.cmd.genlibs
LOAD /Users/jmcnelly/ti/simplelink_cc13xx_cc26xx_sdk_8_30_01_01/kernel/nortos/lib/gcc/m4f/nortos_cc13x2.a
LOAD /Users/jmcnelly/ti/simplelink_cc13xx_cc26xx_sdk_8_30_01_01/source/ti/drivers/rf/lib/gcc/m4f/rf_multiMode_cc13x2.a
LOAD /Users/jmcnelly/ti/simplelink_cc13xx_cc26xx_sdk_8_30_01_01/source/ti/drivers/lib/gcc/m4f/drivers_cc13x2.a
LOAD /Users/jmcnelly/ti/simplelink_cc13xx_cc26xx_sdk_8_30_01_01/source/ti/grlib/lib/gcc/m4f/grlib.a
LOAD /Users/jmcnelly/ti/simplelink_cc13xx_cc26xx_sdk_8_30_01_01/kernel/nortos/lib/gcc/m4f/nortos_cc13x2.a
LOAD /Users/jmcnelly/ti/simplelink_cc13xx_cc26xx_sdk_8_30_01_01/source/ti/devices/cc13x2_cc26x2/driverlib/bin/gcc/driverlib.lib
LOAD /Applications/ArmGNUToolchain/14.2.rel1/arm-none-eabi/bin/../lib/gcc/arm-none-eabi/14.2.1/thumb/v7e-m+fp/hard/libgcc.a
LOAD /Applications/ArmGNUToolchain/14.2.rel1/arm-none-eabi/bin/../lib/gcc/arm-none-eabi/14.2.1/../../../../arm-none-eabi/lib/thumb/v7e-m+fp/hard/libc_nano.a
LOAD /Applications/ArmGNUToolchain/14.2.rel1/arm-none-eabi/bin/../lib/gcc/arm-none-eabi/14.2.1/../../../../arm-none-eabi/lib/thumb/v7e-m+fp/hard/libm.a
START GROUP
LOAD /Applications/ArmGNUToolchain/14.2.rel1/arm-none-eabi/bin/../lib/gcc/arm-none-eabi/14.2.1/thumb/v7e-m+fp/hard/libgcc.a
LOAD /Applications/ArmGNUToolchain/14.2.rel1/arm-none-eabi/bin/../lib/gcc/arm-none-eabi/14.2.1/../../../../arm-none-eabi/lib/thumb/v7e-m+fp/hard/libg_nano.a
LOAD /Applications/ArmGNUToolchain/14.2.rel1/arm-none-eabi/bin/../lib/gcc/arm-none-eabi/14.2.1/../../../../arm-none-eabi/lib/thumb/v7e-m+fp/hard/libc_nano.a
END GROUP
START GROUP
LOAD /Applications/ArmGNUToolchain/14.2.rel1/arm-none-eabi/bin/../lib/gcc/arm-none-eabi/14.2.1/thumb/v7e-m+fp/hard/libgcc.a
LOAD /Applications/ArmGNUToolchain/14.2.rel1/arm-none-eabi/bin/../lib/gcc/arm-none-eabi/14.2.1/../../../../arm-none-eabi/lib/thumb/v7e-m+fp/hard/libc_nano.a
LOAD /Applications/ArmGNUToolchain/14.2.rel1/arm-none-eabi/bin/../lib/gcc/arm-none-eabi/14.2.1/../../../../arm-none-eabi/lib/thumb/v7e-m+fp/hard/libnosys.a
END GROUP
START GROUP
LOAD /Applications/ArmGNUToolchain/14.2.rel1/arm-none-eabi/bin/../lib/gcc/arm-none-eabi/14.2.1/thumb/v7e-m+fp/hard/libgcc.a
LOAD /Applications/ArmGNUToolchain/14.2.rel1/arm-none-eabi/bin/../lib/gcc/arm-none-eabi/14.2.1/../../../../arm-none-eabi/lib/thumb/v7e-m+fp/hard/libc_nano.a
LOAD /Applications/ArmGNUToolchain/14.2.rel1/arm-none-eabi/bin/../lib/gcc/arm-none-eabi/14.2.1/../../../../arm-none-eabi/lib/thumb/v7e-m+fp/hard/libnosys.a
END GROUP
OUTPUT(rfPacketRx_CC1312R1_LAUNCHXL_nortos_gcc.out elf32-littlearm)
LOAD linker stubs

.debug_info     0x00000000    0x1de6d
 .debug_info    0x00000000      0x2d6 ./RFQueue.o
 .debug_info    0x000002d6       0xc1 ./main_nortos.o
 .debug_info    0x00000397     0x218c ./rfPacketRx.o
 .debug_info    0x00002523      0x1d2 ./syscfg/ti_devices_config.o
 .debug_info    0x000026f5      0xc80 ./syscfg/ti_radio_config.o
 .debug_info    0x00003375     0x1e0c ./syscfg/ti_drivers_config.o
 .debug_info    0x00005181      0x1f9 /Users/jmcnelly/ti/simplelink_cc13xx_cc26xx_sdk_8_30_01_01/kernel/nortos/lib/gcc/m4f/nortos_cc13x2.a(NoRTOS.c.obj)
 .debug_info    0x0000537a      0xbad /Users/jmcnelly/ti/simplelink_cc13xx_cc26xx_sdk_8_30_01_01/kernel/nortos/lib/gcc/m4f/nortos_cc13x2.a(SemaphoreP_nortos.c.obj)
 .debug_info    0x00005f27     0x1d5c /Users/jmcnelly/ti/simplelink_cc13xx_cc26xx_sdk_8_30_01_01/kernel/nortos/lib/gcc/m4f/nortos_cc13x2.a(ClockPTimer_nortos.c.obj)
 .debug_info    0x00007c83      0x48d /Users/jmcnelly/ti/simplelink_cc13xx_cc26xx_sdk_8_30_01_01/kernel/nortos/lib/gcc/m4f/nortos_cc13x2.a(QueueP_nortos.c.obj)
 .debug_info    0x00008110      0xea6 /Users/jmcnelly/ti/simplelink_cc13xx_cc26xx_sdk_8_30_01_01/kernel/nortos/lib/gcc/m4f/nortos_cc13x2.a(HwiPCC26XX_nortos.c.obj)
 .debug_info    0x00008fb6      0x7c8 /Users/jmcnelly/ti/simplelink_cc13xx_cc26xx_sdk_8_30_01_01/kernel/nortos/lib/gcc/m4f/nortos_cc13x2.a(PowerCC26X2_nortos.c.obj)
 .debug_info    0x0000977e      0xf98 /Users/jmcnelly/ti/simplelink_cc13xx_cc26xx_sdk_8_30_01_01/kernel/nortos/lib/gcc/m4f/nortos_cc13x2.a(TimerPCC26XX_nortos.c.obj)
 .debug_info    0x0000a716      0x2ce /Users/jmcnelly/ti/simplelink_cc13xx_cc26xx_sdk_8_30_01_01/kernel/nortos/lib/gcc/m4f/nortos_cc13x2.a(startup_cc13x2_cc26x2_gcc.c.obj)
 .debug_info    0x0000a9e4     0x10fc /Users/jmcnelly/ti/simplelink_cc13xx_cc26xx_sdk_8_30_01_01/kernel/nortos/lib/gcc/m4f/nortos_cc13x2.a(SwiP_nortos.c.obj)
 .debug_info    0x0000bae0     0x92ad /Users/jmcnelly/ti/simplelink_cc13xx_cc26xx_sdk_8_30_01_01/source/ti/drivers/rf/lib/gcc/m4f/rf_multiMode_cc13x2.a(RFCC26X2_multiMode.c.cc13x2.gcc.o)
 .debug_info    0x00014d8d      0x457 /Users/jmcnelly/ti/simplelink_cc13xx_cc26xx_sdk_8_30_01_01/source/ti/drivers/rf/lib/gcc/m4f/rf_multiMode_cc13x2.a(rfc.c.cc13x2.gcc.o)
 .debug_info    0x000151e4      0x24b /Users/jmcnelly/ti/simplelink_cc13xx_cc26xx_sdk_8_30_01_01/source/ti/drivers/rf/lib/gcc/m4f/rf_multiMode_cc13x2.a(rf_patch_cpe_prop.c.cc13x2.gcc.o)
 .debug_info    0x0001542f      0x391 /Users/jmcnelly/ti/simplelink_cc13xx_cc26xx_sdk_8_30_01_01/source/ti/drivers/lib/gcc/m4f/drivers_cc13x2.a(List.c.obj)
 .debug_info    0x000157c0      0x3c3 /Users/jmcnelly/ti/simplelink_cc13xx_cc26xx_sdk_8_30_01_01/source/ti/drivers/lib/gcc/m4f/drivers_cc13x2.a(GPIO.c.obj)
 .debug_info    0x00015b83      0x9a0 /Users/jmcnelly/ti/simplelink_cc13xx_cc26xx_sdk_8_30_01_01/source/ti/drivers/lib/gcc/m4f/drivers_cc13x2.a(GPIOCC26XX.c.obj)
 .debug_info    0x00016523     0x2903 /Users/jmcnelly/ti/simplelink_cc13xx_cc26xx_sdk_8_30_01_01/source/ti/drivers/lib/gcc/m4f/drivers_cc13x2.a(PowerCC26X2.c.obj)
 .debug_info    0x00018e26      0x9d0 /Users/jmcnelly/ti/simplelink_cc13xx_cc26xx_sdk_8_30_01_01/source/ti/drivers/lib/gcc/m4f/drivers_cc13x2.a(PowerCC26X2_calibrateRCOSC.c.obj)
 .debug_info    0x000197f6      0x576 /Users/jmcnelly/ti/simplelink_cc13xx_cc26xx_sdk_8_30_01_01/source/ti/drivers/lib/gcc/m4f/drivers_cc13x2.a(GPIOCC26X2.c.obj)
 .debug_info    0x00019d6c      0x4f3 /Users/jmcnelly/ti/simplelink_cc13xx_cc26xx_sdk_8_30_01_01/source/ti/drivers/lib/gcc/m4f/drivers_cc13x2.a(PowerCC26X2_calibrateRCOSC_helpers.c.obj)
 .debug_info    0x0001a25f      0x65f /Users/jmcnelly/ti/simplelink_cc13xx_cc26xx_sdk_8_30_01_01/source/ti/drivers/lib/gcc/m4f/drivers_cc13x2.a(PowerCC26X2_helpers.c.obj)
 .debug_info    0x0001a8be      0x64e /Users/jmcnelly/ti/simplelink_cc13xx_cc26xx_sdk_8_30_01_01/source/ti/devices/cc13x2_cc26x2/driverlib/bin/gcc/driverlib.lib(chipinfo.c.obj)
 .debug_info    0x0001af0c      0x15c /Users/jmcnelly/ti/simplelink_cc13xx_cc26xx_sdk_8_30_01_01/source/ti/devices/cc13x2_cc26x2/driverlib/bin/gcc/driverlib.lib(cpu.c.obj)
 .debug_info    0x0001b068      0x389 /Users/jmcnelly/ti/simplelink_cc13xx_cc26xx_sdk_8_30_01_01/source/ti/devices/cc13x2_cc26x2/driverlib/bin/gcc/driverlib.lib(interrupt.c.obj)
 .debug_info    0x0001b3f1     0x1b06 /Users/jmcnelly/ti/simplelink_cc13xx_cc26xx_sdk_8_30_01_01/source/ti/devices/cc13x2_cc26x2/driverlib/bin/gcc/driverlib.lib(osc.c.obj)
 .debug_info    0x0001cef7      0x57d /Users/jmcnelly/ti/simplelink_cc13xx_cc26xx_sdk_8_30_01_01/source/ti/devices/cc13x2_cc26x2/driverlib/bin/gcc/driverlib.lib(prcm.c.obj)
 .debug_info    0x0001d474      0x2ac /Users/jmcnelly/ti/simplelink_cc13xx_cc26xx_sdk_8_30_01_01/source/ti/devices/cc13x2_cc26x2/driverlib/bin/gcc/driverlib.lib(setup.c.obj)
 .debug_info    0x0001d720      0x61f /Users/jmcnelly/ti/simplelink_cc13xx_cc26xx_sdk_8_30_01_01/source/ti/devices/cc13x2_cc26x2/driverlib/bin/gcc/driverlib.lib(sys_ctrl.c.obj)
 .debug_info    0x0001dd3f      0x12e /Users/jmcnelly/ti/simplelink_cc13xx_cc26xx_sdk_8_30_01_01/source/ti/devices/cc13x2_cc26x2/driverlib/bin/gcc/driverlib.lib(aux_sysif.c.obj)

.debug_abbrev   0x00000000     0x5b4f
 .debug_abbrev  0x00000000      0x113 ./RFQueue.o
 .debug_abbrev  0x00000113       0x8e ./main_nortos.o
 .debug_abbrev  0x000001a1      0x26a ./rfPacketRx.o
 .debug_abbrev  0x0000040b       0x7e ./syscfg/ti_devices_config.o
 .debug_abbrev  0x00000489      0x15b ./syscfg/ti_radio_config.o
 .debug_abbrev  0x000005e4      0x2e6 ./syscfg/ti_drivers_config.o
 .debug_abbrev  0x000008ca      0x142 /Users/jmcnelly/ti/simplelink_cc13xx_cc26xx_sdk_8_30_01_01/kernel/nortos/lib/gcc/m4f/nortos_cc13x2.a(NoRTOS.c.obj)
 .debug_abbrev  0x00000a0c      0x418 /Users/jmcnelly/ti/simplelink_cc13xx_cc26xx_sdk_8_30_01_01/kernel/nortos/lib/gcc/m4f/nortos_cc13x2.a(SemaphoreP_nortos.c.obj)
 .debug_abbrev  0x00000e24      0x4b4 /Users/jmcnelly/ti/simplelink_cc13xx_cc26xx_sdk_8_30_01_01/kernel/nortos/lib/gcc/m4f/nortos_cc13x2.a(ClockPTimer_nortos.c.obj)
 .debug_abbrev  0x000012d8      0x1ee /Users/jmcnelly/ti/simplelink_cc13xx_cc26xx_sdk_8_30_01_01/kernel/nortos/lib/gcc/m4f/nortos_cc13x2.a(QueueP_nortos.c.obj)
 .debug_abbrev  0x000014c6      0x4c8 /Users/jmcnelly/ti/simplelink_cc13xx_cc26xx_sdk_8_30_01_01/kernel/nortos/lib/gcc/m4f/nortos_cc13x2.a(HwiPCC26XX_nortos.c.obj)
 .debug_abbrev  0x0000198e      0x2d7 /Users/jmcnelly/ti/simplelink_cc13xx_cc26xx_sdk_8_30_01_01/kernel/nortos/lib/gcc/m4f/nortos_cc13x2.a(PowerCC26X2_nortos.c.obj)
 .debug_abbrev  0x00001c65      0x4cd /Users/jmcnelly/ti/simplelink_cc13xx_cc26xx_sdk_8_30_01_01/kernel/nortos/lib/gcc/m4f/nortos_cc13x2.a(TimerPCC26XX_nortos.c.obj)
 .debug_abbrev  0x00002132      0x218 /Users/jmcnelly/ti/simplelink_cc13xx_cc26xx_sdk_8_30_01_01/kernel/nortos/lib/gcc/m4f/nortos_cc13x2.a(startup_cc13x2_cc26x2_gcc.c.obj)
 .debug_abbrev  0x0000234a      0x486 /Users/jmcnelly/ti/simplelink_cc13xx_cc26xx_sdk_8_30_01_01/kernel/nortos/lib/gcc/m4f/nortos_cc13x2.a(SwiP_nortos.c.obj)
 .debug_abbrev  0x000027d0      0x7c3 /Users/jmcnelly/ti/simplelink_cc13xx_cc26xx_sdk_8_30_01_01/source/ti/drivers/rf/lib/gcc/m4f/rf_multiMode_cc13x2.a(RFCC26X2_multiMode.c.cc13x2.gcc.o)
 .debug_abbrev  0x00002f93      0x227 /Users/jmcnelly/ti/simplelink_cc13xx_cc26xx_sdk_8_30_01_01/source/ti/drivers/rf/lib/gcc/m4f/rf_multiMode_cc13x2.a(rfc.c.cc13x2.gcc.o)
 .debug_abbrev  0x000031ba      0x1a6 /Users/jmcnelly/ti/simplelink_cc13xx_cc26xx_sdk_8_30_01_01/source/ti/drivers/rf/lib/gcc/m4f/rf_multiMode_cc13x2.a(rf_patch_cpe_prop.c.cc13x2.gcc.o)
 .debug_abbrev  0x00003360      0x15e /Users/jmcnelly/ti/simplelink_cc13xx_cc26xx_sdk_8_30_01_01/source/ti/drivers/lib/gcc/m4f/drivers_cc13x2.a(List.c.obj)
 .debug_abbrev  0x000034be      0x1d3 /Users/jmcnelly/ti/simplelink_cc13xx_cc26xx_sdk_8_30_01_01/source/ti/drivers/lib/gcc/m4f/drivers_cc13x2.a(GPIO.c.obj)
 .debug_abbrev  0x00003691      0x2ca /Users/jmcnelly/ti/simplelink_cc13xx_cc26xx_sdk_8_30_01_01/source/ti/drivers/lib/gcc/m4f/drivers_cc13x2.a(GPIOCC26XX.c.obj)
 .debug_abbrev  0x0000395b      0x6b5 /Users/jmcnelly/ti/simplelink_cc13xx_cc26xx_sdk_8_30_01_01/source/ti/drivers/lib/gcc/m4f/drivers_cc13x2.a(PowerCC26X2.c.obj)
 .debug_abbrev  0x00004010      0x3aa /Users/jmcnelly/ti/simplelink_cc13xx_cc26xx_sdk_8_30_01_01/source/ti/drivers/lib/gcc/m4f/drivers_cc13x2.a(PowerCC26X2_calibrateRCOSC.c.obj)
 .debug_abbrev  0x000043ba      0x2ab /Users/jmcnelly/ti/simplelink_cc13xx_cc26xx_sdk_8_30_01_01/source/ti/drivers/lib/gcc/m4f/drivers_cc13x2.a(GPIOCC26X2.c.obj)
 .debug_abbrev  0x00004665      0x19c /Users/jmcnelly/ti/simplelink_cc13xx_cc26xx_sdk_8_30_01_01/source/ti/drivers/lib/gcc/m4f/drivers_cc13x2.a(PowerCC26X2_calibrateRCOSC_helpers.c.obj)
 .debug_abbrev  0x00004801      0x309 /Users/jmcnelly/ti/simplelink_cc13xx_cc26xx_sdk_8_30_01_01/source/ti/drivers/lib/gcc/m4f/drivers_cc13x2.a(PowerCC26X2_helpers.c.obj)
 .debug_abbrev  0x00004b0a      0x226 /Users/jmcnelly/ti/simplelink_cc13xx_cc26xx_sdk_8_30_01_01/source/ti/devices/cc13x2_cc26x2/driverlib/bin/gcc/driverlib.lib(chipinfo.c.obj)
 .debug_abbrev  0x00004d30       0xe8 /Users/jmcnelly/ti/simplelink_cc13xx_cc26xx_sdk_8_30_01_01/source/ti/devices/cc13x2_cc26x2/driverlib/bin/gcc/driverlib.lib(cpu.c.obj)
 .debug_abbrev  0x00004e18      0x17b /Users/jmcnelly/ti/simplelink_cc13xx_cc26xx_sdk_8_30_01_01/source/ti/devices/cc13x2_cc26x2/driverlib/bin/gcc/driverlib.lib(interrupt.c.obj)
 .debug_abbrev  0x00004f93      0x4b8 /Users/jmcnelly/ti/simplelink_cc13xx_cc26xx_sdk_8_30_01_01/source/ti/devices/cc13x2_cc26x2/driverlib/bin/gcc/driverlib.lib(osc.c.obj)
 .debug_abbrev  0x0000544b      0x1e0 /Users/jmcnelly/ti/simplelink_cc13xx_cc26xx_sdk_8_30_01_01/source/ti/devices/cc13x2_cc26x2/driverlib/bin/gcc/driverlib.lib(prcm.c.obj)
 .debug_abbrev  0x0000562b      0x1d3 /Users/jmcnelly/ti/simplelink_cc13xx_cc26xx_sdk_8_30_01_01/source/ti/devices/cc13x2_cc26x2/driverlib/bin/gcc/driverlib.lib(setup.c.obj)
 .debug_abbrev  0x000057fe      0x2ac /Users/jmcnelly/ti/simplelink_cc13xx_cc26xx_sdk_8_30_01_01/source/ti/devices/cc13x2_cc26x2/driverlib/bin/gcc/driverlib.lib(sys_ctrl.c.obj)
 .debug_abbrev  0x00005aaa       0xa5 /Users/jmcnelly/ti/simplelink_cc13xx_cc26xx_sdk_8_30_01_01/source/ti/devices/cc13x2_cc26x2/driverlib/bin/gcc/driverlib.lib(aux_sysif.c.obj)

.debug_aranges  0x00000000      0xfa0
 .debug_aranges
                0x00000000       0x30 ./RFQueue.o
 .debug_aranges
                0x00000030       0x20 ./main_nortos.o
 .debug_aranges
                0x00000050       0x28 ./rfPacketRx.o
 .debug_aranges
                0x00000078       0x18 ./syscfg/ti_devices_config.o
 .debug_aranges
                0x00000090       0x18 ./syscfg/ti_radio_config.o
 .debug_aranges
                0x000000a8       0x40 ./syscfg/ti_drivers_config.o
 .debug_aranges
                0x000000e8       0x30 /Users/jmcnelly/ti/simplelink_cc13xx_cc26xx_sdk_8_30_01_01/kernel/nortos/lib/gcc/m4f/nortos_cc13x2.a(NoRTOS.c.obj)
 .debug_aranges
                0x00000118       0x78 /Users/jmcnelly/ti/simplelink_cc13xx_cc26xx_sdk_8_30_01_01/kernel/nortos/lib/gcc/m4f/nortos_cc13x2.a(SemaphoreP_nortos.c.obj)
 .debug_aranges
                0x00000190      0x100 /Users/jmcnelly/ti/simplelink_cc13xx_cc26xx_sdk_8_30_01_01/kernel/nortos/lib/gcc/m4f/nortos_cc13x2.a(ClockPTimer_nortos.c.obj)
 .debug_aranges
                0x00000290       0x80 /Users/jmcnelly/ti/simplelink_cc13xx_cc26xx_sdk_8_30_01_01/kernel/nortos/lib/gcc/m4f/nortos_cc13x2.a(QueueP_nortos.c.obj)
 .debug_aranges
                0x00000310       0xb8 /Users/jmcnelly/ti/simplelink_cc13xx_cc26xx_sdk_8_30_01_01/kernel/nortos/lib/gcc/m4f/nortos_cc13x2.a(HwiPCC26XX_nortos.c.obj)
 .debug_aranges
                0x000003c8       0x30 /Users/jmcnelly/ti/simplelink_cc13xx_cc26xx_sdk_8_30_01_01/kernel/nortos/lib/gcc/m4f/nortos_cc13x2.a(PowerCC26X2_nortos.c.obj)
 .debug_aranges